[ 10%] [32mBuilding CXX object CMakeFiles/localization_node.dir/src/localization_node.cpp.o[0m
[ 20%] [32mBuilding CXX object CMakeFiles/raspberry_localization_node.dir/src/raspberry_localization_node.cpp.o[0m
[ 30%] [32mBuilding CXX object CMakeFiles/odom_tf_fusion_node.dir/src/odom_tf_fusion_node.cpp.o[0m
[ 40%] [32mBuilding CXX object CMakeFiles/odom_imu_fusion_node.dir/src/odom_imu_fusion_node.cpp.o[0m
[ 50%] [32mBuilding CXX object CMakeFiles/standard_localization_node.dir/src/standard_localization_node.cpp.o[0m
[ 70%] [32m[1mLinking CXX executable odom_tf_fusion_node[0m
[ 70%] [32m[1mLinking CXX executable raspberry_localization_node[0m
[ 80%] [32m[1mLinking CXX executable localization_node[0m
[ 90%] [32m[1mLinking CXX executable odom_imu_fusion_node[0m
[100%] [32m[1mLinking CXX executable standard_localization_node[0m
[100%] Built target raspberry_localization_node
[100%] Built target odom_tf_fusion_node
[100%] Built target localization_node
[100%] Built target odom_imu_fusion_node
[100%] Built target standard_localization_node
-- Install configuration: ""
-- Installing: /home/kemo/Sally_ws/install/robot_localization/lib/robot_localization/raspberry_localization_node
-- Set runtime path of "/home/kemo/Sally_ws/install/robot_localization/lib/robot_localization/raspberry_localization_node" to ""
-- Installing: /home/kemo/Sally_ws/install/robot_localization/lib/robot_localization/localization_node
-- Set runtime path of "/home/kemo/Sally_ws/install/robot_localization/lib/robot_localization/localization_node" to ""
-- Installing: /home/kemo/Sally_ws/install/robot_localization/lib/robot_localization/standard_localization_node
-- Set runtime path of "/home/kemo/Sally_ws/install/robot_localization/lib/robot_localization/standard_localization_node" to ""
-- Installing: /home/kemo/Sally_ws/install/robot_localization/lib/robot_localization/odom_imu_fusion_node
-- Set runtime path of "/home/kemo/Sally_ws/install/robot_localization/lib/robot_localization/odom_imu_fusion_node" to ""
-- Installing: /home/kemo/Sally_ws/install/robot_localization/lib/robot_localization/odom_tf_fusion_node
-- Set runtime path of "/home/kemo/Sally_ws/install/robot_localization/lib/robot_localization/odom_tf_fusion_node" to ""
-- Installing: /home/kemo/Sally_ws/install/robot_localization/share/robot_localization/launch
-- Installing: /home/kemo/Sally_ws/install/robot_localization/share/robot_localization/launch/odom_imu_fusion_launch.py
-- Installing: /home/kemo/Sally_ws/install/robot_localization/share/robot_localization/launch/simple_launch.py
-- Installing: /home/kemo/Sally_ws/install/robot_localization/share/robot_localization/launch/odom_tf_fusion_launch.py
-- Installing: /home/kemo/Sally_ws/install/robot_localization/share/robot_localization/launch/localization_launch.py
-- Installing: /home/kemo/Sally_ws/install/robot_localization/share/robot_localization/launch/robot_localization_launch.py
-- Installing: /home/kemo/Sally_ws/install/robot_localization/share/robot_localization/launch/raspberry_localization.launch.py
-- Installing: /home/kemo/Sally_ws/install/robot_localization/share/robot_localization/launch/all_localization_nodes.launch.py
-- Installing: /home/kemo/Sally_ws/install/robot_localization/share/robot_localization/launch/localization.launch.py
-- Installing: /home/kemo/Sally_ws/install/robot_localization/share/robot_localization/config
-- Installing: /home/kemo/Sally_ws/install/robot_localization/share/robot_localization/config/localization_params.yaml
-- Installing: /home/kemo/Sally_ws/install/robot_localization/share/ament_index/resource_index/package_run_dependencies/robot_localization
-- Installing: /home/kemo/Sally_ws/install/robot_localization/share/ament_index/resource_index/parent_prefix_path/robot_localization
-- Installing: /home/kemo/Sally_ws/install/robot_localization/share/robot_localization/environment/ament_prefix_path.sh
-- Installing: /home/kemo/Sally_ws/install/robot_localization/share/robot_localization/environment/ament_prefix_path.dsv
-- Installing: /home/kemo/Sally_ws/install/robot_localization/share/robot_localization/environment/path.sh
-- Installing: /home/kemo/Sally_ws/install/robot_localization/share/robot_localization/environment/path.dsv
-- Installing: /home/kemo/Sally_ws/install/robot_localization/share/robot_localization/local_setup.bash
-- Installing: /home/kemo/Sally_ws/install/robot_localization/share/robot_localization/local_setup.sh
-- Installing: /home/kemo/Sally_ws/install/robot_localization/share/robot_localization/local_setup.zsh
-- Installing: /home/kemo/Sally_ws/install/robot_localization/share/robot_localization/local_setup.dsv
-- Installing: /home/kemo/Sally_ws/install/robot_localization/share/robot_localization/package.dsv
-- Installing: /home/kemo/Sally_ws/install/robot_localization/share/ament_index/resource_index/packages/robot_localization
-- Installing: /home/kemo/Sally_ws/install/robot_localization/share/robot_localization/cmake/robot_localizationConfig.cmake
-- Installing: /home/kemo/Sally_ws/install/robot_localization/share/robot_localization/cmake/robot_localizationConfig-version.cmake
-- Installing: /home/kemo/Sally_ws/install/robot_localization/share/robot_localization/package.xml
