[35m[1mConsolidate compiler generated dependencies of target standard_localization_node[0m
[35m[1mConsolidate compiler generated dependencies of target odom_imu_fusion_node[0m
[35m[1mConsolidate compiler generated dependencies of target odom_tf_fusion_node[0m
[35m[1mConsolidate compiler generated dependencies of target raspberry_localization_node[0m
[35m[1mConsolidate compiler generated dependencies of target localization_node[0m
[ 80%] Built target standard_localization_node
[ 80%] Built target odom_imu_fusion_node
[ 90%] Built target localization_node
[100%] Built target raspberry_localization_node
[100%] Built target odom_tf_fusion_node
-- Install configuration: ""
-- Up-to-date: /home/kemo/Sally_ws/install/robot_localization/lib/robot_localization/raspberry_localization_node
-- Up-to-date: /home/kemo/Sally_ws/install/robot_localization/lib/robot_localization/localization_node
-- Up-to-date: /home/kemo/Sally_ws/install/robot_localization/lib/robot_localization/standard_localization_node
-- Up-to-date: /home/kemo/Sally_ws/install/robot_localization/lib/robot_localization/odom_imu_fusion_node
-- Up-to-date: /home/kemo/Sally_ws/install/robot_localization/lib/robot_localization/odom_tf_fusion_node
-- Up-to-date: /home/kemo/Sally_ws/install/robot_localization/share/robot_localization/launch
-- Up-to-date: /home/kemo/Sally_ws/install/robot_localization/share/robot_localization/launch/odom_imu_fusion_launch.py
-- Up-to-date: /home/kemo/Sally_ws/install/robot_localization/share/robot_localization/launch/simple_launch.py
-- Up-to-date: /home/kemo/Sally_ws/install/robot_localization/share/robot_localization/launch/odom_tf_fusion_launch.py
-- Up-to-date: /home/kemo/Sally_ws/install/robot_localization/share/robot_localization/launch/localization_launch.py
-- Up-to-date: /home/kemo/Sally_ws/install/robot_localization/share/robot_localization/launch/robot_localization_launch.py
-- Up-to-date: /home/kemo/Sally_ws/install/robot_localization/share/robot_localization/launch/raspberry_localization.launch.py
-- Up-to-date: /home/kemo/Sally_ws/install/robot_localization/share/robot_localization/launch/all_localization_nodes.launch.py
-- Up-to-date: /home/kemo/Sally_ws/install/robot_localization/share/robot_localization/launch/localization.launch.py
-- Up-to-date: /home/kemo/Sally_ws/install/robot_localization/share/robot_localization/config
-- Up-to-date: /home/kemo/Sally_ws/install/robot_localization/share/robot_localization/config/localization_params.yaml
-- Up-to-date: /home/kemo/Sally_ws/install/robot_localization/share/ament_index/resource_index/package_run_dependencies/robot_localization
-- Up-to-date: /home/kemo/Sally_ws/install/robot_localization/share/ament_index/resource_index/parent_prefix_path/robot_localization
-- Up-to-date: /home/kemo/Sally_ws/install/robot_localization/share/robot_localization/environment/ament_prefix_path.sh
-- Up-to-date: /home/kemo/Sally_ws/install/robot_localization/share/robot_localization/environment/ament_prefix_path.dsv
-- Up-to-date: /home/kemo/Sally_ws/install/robot_localization/share/robot_localization/environment/path.sh
-- Up-to-date: /home/kemo/Sally_ws/install/robot_localization/share/robot_localization/environment/path.dsv
-- Up-to-date: /home/kemo/Sally_ws/install/robot_localization/share/robot_localization/local_setup.bash
-- Up-to-date: /home/kemo/Sally_ws/install/robot_localization/share/robot_localization/local_setup.sh
-- Up-to-date: /home/kemo/Sally_ws/install/robot_localization/share/robot_localization/local_setup.zsh
-- Up-to-date: /home/kemo/Sally_ws/install/robot_localization/share/robot_localization/local_setup.dsv
-- Installing: /home/kemo/Sally_ws/install/robot_localization/share/robot_localization/package.dsv
-- Up-to-date: /home/kemo/Sally_ws/install/robot_localization/share/ament_index/resource_index/packages/robot_localization
-- Up-to-date: /home/kemo/Sally_ws/install/robot_localization/share/robot_localization/cmake/robot_localizationConfig.cmake
-- Up-to-date: /home/kemo/Sally_ws/install/robot_localization/share/robot_localization/cmake/robot_localizationConfig-version.cmake
-- Up-to-date: /home/kemo/Sally_ws/install/robot_localization/share/robot_localization/package.xml
