-- Install configuration: ""
-- Up-to-date: /home/kemo/Sally_ws/install/cybertruck_description/share/cybertruck_description//config
-- Up-to-date: /home/kemo/Sally_ws/install/cybertruck_description/share/cybertruck_description//config/cybertruck.rviz
-- Up-to-date: /home/kemo/Sally_ws/install/cybertruck_description/share/cybertruck_description//config/mapper_params_online_async.yaml
-- Up-to-date: /home/kemo/Sally_ws/install/cybertruck_description/share/cybertruck_description//config/[200~navigation.rviz~
-- Up-to-date: /home/kemo/Sally_ws/install/cybertruck_description/share/cybertruck_description//config/ekf.yaml
-- Up-to-date: /home/kemo/Sally_ws/install/cybertruck_description/share/cybertruck_description//config/bridge.yaml
-- Up-to-date: /home/kemo/Sally_ws/install/cybertruck_description/share/cybertruck_description//config/nav2_params.yaml
-- Up-to-date: /home/kemo/Sally_ws/install/cybertruck_description/share/cybertruck_description//config/navigation.rviz
-- Up-to-date: /home/kemo/Sally_ws/install/cybertruck_description/share/cybertruck_description//config/nav2_params_real.yaml
-- Up-to-date: /home/kemo/Sally_ws/install/cybertruck_description/share/cybertruck_description//launch
-- Up-to-date: /home/kemo/Sally_ws/install/cybertruck_description/share/cybertruck_description//launch/navigation_real.launch.py
-- Up-to-date: /home/kemo/Sally_ws/install/cybertruck_description/share/cybertruck_description//launch/teleop.launch.py
-- Up-to-date: /home/kemo/Sally_ws/install/cybertruck_description/share/cybertruck_description//launch/slam_real.launch.py
-- Up-to-date: /home/kemo/Sally_ws/install/cybertruck_description/share/cybertruck_description//models
-- Up-to-date: /home/kemo/Sally_ws/install/cybertruck_description/share/cybertruck_description//models/cybertruck
-- Up-to-date: /home/kemo/Sally_ws/install/cybertruck_description/share/cybertruck_description//models/cybertruck/meshes
-- Up-to-date: /home/kemo/Sally_ws/install/cybertruck_description/share/cybertruck_description//models/cybertruck/meshes/B_RIGHT.STL
-- Up-to-date: /home/kemo/Sally_ws/install/cybertruck_description/share/cybertruck_description//models/cybertruck/meshes/F_RIGHT.STL
-- Up-to-date: /home/kemo/Sally_ws/install/cybertruck_description/share/cybertruck_description//models/cybertruck/meshes/base_link.STL
-- Up-to-date: /home/kemo/Sally_ws/install/cybertruck_description/share/cybertruck_description//models/cybertruck/meshes/B_LEFT.STL
-- Up-to-date: /home/kemo/Sally_ws/install/cybertruck_description/share/cybertruck_description//models/cybertruck/meshes/Lidae.STL
-- Up-to-date: /home/kemo/Sally_ws/install/cybertruck_description/share/cybertruck_description//models/cybertruck/meshes/F_LEFT.STL
-- Up-to-date: /home/kemo/Sally_ws/install/cybertruck_description/share/cybertruck_description//models/cybertruck/model.config
-- Up-to-date: /home/kemo/Sally_ws/install/cybertruck_description/share/cybertruck_description//models/cybertruck/materials
-- Up-to-date: /home/kemo/Sally_ws/install/cybertruck_description/share/cybertruck_description//models/cybertruck/materials/scripts
-- Up-to-date: /home/kemo/Sally_ws/install/cybertruck_description/share/cybertruck_description//models/cybertruck/materials/scripts/eyes.material
-- Up-to-date: /home/kemo/Sally_ws/install/cybertruck_description/share/cybertruck_description//models/cybertruck/materials/textures
-- Up-to-date: /home/kemo/Sally_ws/install/cybertruck_description/share/cybertruck_description//models/cybertruck/materials/textures/eyes.png
-- Up-to-date: /home/kemo/Sally_ws/install/cybertruck_description/share/cybertruck_description//models/cybertruck/model.sdf
-- Up-to-date: /home/kemo/Sally_ws/install/cybertruck_description/share/cybertruck_description//urdf
-- Up-to-date: /home/kemo/Sally_ws/install/cybertruck_description/share/cybertruck_description//urdf/cybertruck.urdf
-- Up-to-date: /home/kemo/Sally_ws/install/cybertruck_description/share/cybertruck_description//worlds
-- Up-to-date: /home/kemo/Sally_ws/install/cybertruck_description/share/cybertruck_description//worlds/cybertruck_world.sdf
-- Up-to-date: /home/kemo/Sally_ws/install/cybertruck_description/share/cybertruck_description//worlds/cybertruck_.sdf
-- Up-to-date: /home/kemo/Sally_ws/install/cybertruck_description/share/cybertruck_description//worlds/cybertruck_worldold.sdf
-- Up-to-date: /home/kemo/Sally_ws/install/cybertruck_description/share/cybertruck_description//materials
-- Up-to-date: /home/kemo/Sally_ws/install/cybertruck_description/share/cybertruck_description//materials/scripts
-- Up-to-date: /home/kemo/Sally_ws/install/cybertruck_description/share/cybertruck_description//materials/scripts/eyes.material
-- Up-to-date: /home/kemo/Sally_ws/install/cybertruck_description/share/cybertruck_description//materials/textures
-- Up-to-date: /home/kemo/Sally_ws/install/cybertruck_description/share/cybertruck_description//materials/textures/eyes.png
-- Up-to-date: /home/kemo/Sally_ws/install/cybertruck_description/share/cybertruck_description//rvizz
-- Up-to-date: /home/kemo/Sally_ws/install/cybertruck_description/share/cybertruck_description//rvizz/lidar.rviz
-- Up-to-date: /home/kemo/Sally_ws/install/cybertruck_description/share/cybertruck_description//rvizz/slam.rviz
-- Up-to-date: /home/kemo/Sally_ws/install/cybertruck_description/share/cybertruck_description//rvizz/cybertruck_simulation.rviz
-- Up-to-date: /home/kemo/Sally_ws/install/cybertruck_description/share/cybertruck_description//rvizz/navigation.rviz
-- Up-to-date: /home/kemo/Sally_ws/install/cybertruck_description/share/cybertruck_description//rvizz/rviz.launch.py
-- Up-to-date: /home/kemo/Sally_ws/install/cybertruck_description/share/cybertruck_description//maps
-- Up-to-date: /home/kemo/Sally_ws/install/cybertruck_description/share/cybertruck_description//maps/my_map.yaml
-- Up-to-date: /home/kemo/Sally_ws/install/cybertruck_description/share/cybertruck_description//maps/my_map.pgm
-- Up-to-date: /home/kemo/Sally_ws/install/cybertruck_description/lib/cybertruck_description/odom_to_tf.py
-- Up-to-date: /home/kemo/Sally_ws/install/cybertruck_description/share/ament_index/resource_index/package_run_dependencies/cybertruck_description
-- Up-to-date: /home/kemo/Sally_ws/install/cybertruck_description/share/ament_index/resource_index/parent_prefix_path/cybertruck_description
-- Up-to-date: /home/kemo/Sally_ws/install/cybertruck_description/share/cybertruck_description/environment/ament_prefix_path.sh
-- Up-to-date: /home/kemo/Sally_ws/install/cybertruck_description/share/cybertruck_description/environment/ament_prefix_path.dsv
-- Up-to-date: /home/kemo/Sally_ws/install/cybertruck_description/share/cybertruck_description/environment/path.sh
-- Up-to-date: /home/kemo/Sally_ws/install/cybertruck_description/share/cybertruck_description/environment/path.dsv
-- Up-to-date: /home/kemo/Sally_ws/install/cybertruck_description/share/cybertruck_description/local_setup.bash
-- Up-to-date: /home/kemo/Sally_ws/install/cybertruck_description/share/cybertruck_description/local_setup.sh
-- Up-to-date: /home/kemo/Sally_ws/install/cybertruck_description/share/cybertruck_description/local_setup.zsh
-- Up-to-date: /home/kemo/Sally_ws/install/cybertruck_description/share/cybertruck_description/local_setup.dsv
-- Installing: /home/kemo/Sally_ws/install/cybertruck_description/share/cybertruck_description/package.dsv
-- Up-to-date: /home/kemo/Sally_ws/install/cybertruck_description/share/ament_index/resource_index/packages/cybertruck_description
-- Up-to-date: /home/kemo/Sally_ws/install/cybertruck_description/share/cybertruck_description/cmake/cybertruck_descriptionConfig.cmake
-- Up-to-date: /home/kemo/Sally_ws/install/cybertruck_description/share/cybertruck_description/cmake/cybertruck_descriptionConfig-version.cmake
-- Up-to-date: /home/kemo/Sally_ws/install/cybertruck_description/share/cybertruck_description/package.xml
