[0.016s] Invoking command in '/home/kemo/Sally_ws/build/cybertruck_description': CMAKE_PREFIX_PATH=/home/kemo/ros_ws/install/my_robot_bringup:/home/kemo/ros_ws/install/my_cpp_pkg:/home/kemo/ros_ws/install/my_robot_interfaces:/home/kemo/ros_ws/install/my_py_pkg:/opt/ros/humble:/home/kemo/description/install/assem1 /usr/bin/cmake --build /home/kemo/Sally_ws/build/cybertruck_description -- -j16 -l16
[0.053s] Invoked command in '/home/kemo/Sally_ws/build/cybertruck_description' returned '0': CMAKE_PREFIX_PATH=/home/kemo/ros_ws/install/my_robot_bringup:/home/kemo/ros_ws/install/my_cpp_pkg:/home/kemo/ros_ws/install/my_robot_interfaces:/home/kemo/ros_ws/install/my_py_pkg:/opt/ros/humble:/home/kemo/description/install/assem1 /usr/bin/cmake --build /home/kemo/Sally_ws/build/cybertruck_description -- -j16 -l16
[0.068s] Invoking command in '/home/kemo/Sally_ws/build/cybertruck_description': CMAKE_PREFIX_PATH=/home/kemo/ros_ws/install/my_robot_bringup:/home/kemo/ros_ws/install/my_cpp_pkg:/home/kemo/ros_ws/install/my_robot_interfaces:/home/kemo/ros_ws/install/my_py_pkg:/opt/ros/humble:/home/kemo/description/install/assem1 /usr/bin/cmake --install /home/kemo/Sally_ws/build/cybertruck_description
[0.075s] -- Install configuration: ""
[0.075s] -- Up-to-date: /home/kemo/Sally_ws/install/cybertruck_description/share/cybertruck_description//config
[0.075s] -- Up-to-date: /home/kemo/Sally_ws/install/cybertruck_description/share/cybertruck_description//config/cybertruck.rviz
[0.075s] -- Up-to-date: /home/kemo/Sally_ws/install/cybertruck_description/share/cybertruck_description//config/mapper_params_online_async.yaml
[0.076s] -- Up-to-date: /home/kemo/Sally_ws/install/cybertruck_description/share/cybertruck_description//config/[200~navigation.rviz~
[0.076s] -- Up-to-date: /home/kemo/Sally_ws/install/cybertruck_description/share/cybertruck_description//config/ekf.yaml
[0.076s] -- Up-to-date: /home/kemo/Sally_ws/install/cybertruck_description/share/cybertruck_description//config/bridge.yaml
[0.076s] -- Up-to-date: /home/kemo/Sally_ws/install/cybertruck_description/share/cybertruck_description//config/nav2_params.yaml
[0.076s] -- Up-to-date: /home/kemo/Sally_ws/install/cybertruck_description/share/cybertruck_description//config/navigation.rviz
[0.076s] -- Up-to-date: /home/kemo/Sally_ws/install/cybertruck_description/share/cybertruck_description//config/nav2_params_real.yaml
[0.076s] -- Up-to-date: /home/kemo/Sally_ws/install/cybertruck_description/share/cybertruck_description//launch
[0.076s] -- Up-to-date: /home/kemo/Sally_ws/install/cybertruck_description/share/cybertruck_description//launch/navigation_real.launch.py
[0.076s] -- Up-to-date: /home/kemo/Sally_ws/install/cybertruck_description/share/cybertruck_description//launch/teleop.launch.py
[0.076s] -- Up-to-date: /home/kemo/Sally_ws/install/cybertruck_description/share/cybertruck_description//launch/slam_real.launch.py
[0.076s] -- Up-to-date: /home/kemo/Sally_ws/install/cybertruck_description/share/cybertruck_description//models
[0.076s] -- Up-to-date: /home/kemo/Sally_ws/install/cybertruck_description/share/cybertruck_description//models/cybertruck
[0.077s] -- Up-to-date: /home/kemo/Sally_ws/install/cybertruck_description/share/cybertruck_description//models/cybertruck/meshes
[0.077s] -- Up-to-date: /home/kemo/Sally_ws/install/cybertruck_description/share/cybertruck_description//models/cybertruck/meshes/B_RIGHT.STL
[0.077s] -- Up-to-date: /home/kemo/Sally_ws/install/cybertruck_description/share/cybertruck_description//models/cybertruck/meshes/F_RIGHT.STL
[0.077s] -- Up-to-date: /home/kemo/Sally_ws/install/cybertruck_description/share/cybertruck_description//models/cybertruck/meshes/base_link.STL
[0.077s] -- Up-to-date: /home/kemo/Sally_ws/install/cybertruck_description/share/cybertruck_description//models/cybertruck/meshes/B_LEFT.STL
[0.077s] -- Up-to-date: /home/kemo/Sally_ws/install/cybertruck_description/share/cybertruck_description//models/cybertruck/meshes/Lidae.STL
[0.077s] -- Up-to-date: /home/kemo/Sally_ws/install/cybertruck_description/share/cybertruck_description//models/cybertruck/meshes/F_LEFT.STL
[0.077s] -- Up-to-date: /home/kemo/Sally_ws/install/cybertruck_description/share/cybertruck_description//models/cybertruck/model.config
[0.077s] -- Up-to-date: /home/kemo/Sally_ws/install/cybertruck_description/share/cybertruck_description//models/cybertruck/materials
[0.077s] -- Up-to-date: /home/kemo/Sally_ws/install/cybertruck_description/share/cybertruck_description//models/cybertruck/materials/scripts
[0.077s] -- Up-to-date: /home/kemo/Sally_ws/install/cybertruck_description/share/cybertruck_description//models/cybertruck/materials/scripts/eyes.material
[0.077s] -- Up-to-date: /home/kemo/Sally_ws/install/cybertruck_description/share/cybertruck_description//models/cybertruck/materials/textures
[0.078s] -- Up-to-date: /home/kemo/Sally_ws/install/cybertruck_description/share/cybertruck_description//models/cybertruck/materials/textures/eyes.png
[0.078s] -- Up-to-date: /home/kemo/Sally_ws/install/cybertruck_description/share/cybertruck_description//models/cybertruck/model.sdf
[0.078s] -- Up-to-date: /home/kemo/Sally_ws/install/cybertruck_description/share/cybertruck_description//urdf
[0.078s] -- Up-to-date: /home/kemo/Sally_ws/install/cybertruck_description/share/cybertruck_description//urdf/cybertruck.urdf
[0.078s] -- Up-to-date: /home/kemo/Sally_ws/install/cybertruck_description/share/cybertruck_description//worlds
[0.078s] -- Up-to-date: /home/kemo/Sally_ws/install/cybertruck_description/share/cybertruck_description//worlds/cybertruck_world.sdf
[0.078s] -- Up-to-date: /home/kemo/Sally_ws/install/cybertruck_description/share/cybertruck_description//worlds/cybertruck_.sdf
[0.078s] -- Up-to-date: /home/kemo/Sally_ws/install/cybertruck_description/share/cybertruck_description//worlds/cybertruck_worldold.sdf
[0.078s] -- Up-to-date: /home/kemo/Sally_ws/install/cybertruck_description/share/cybertruck_description//materials
[0.078s] -- Up-to-date: /home/kemo/Sally_ws/install/cybertruck_description/share/cybertruck_description//materials/scripts
[0.078s] -- Up-to-date: /home/kemo/Sally_ws/install/cybertruck_description/share/cybertruck_description//materials/scripts/eyes.material
[0.078s] -- Up-to-date: /home/kemo/Sally_ws/install/cybertruck_description/share/cybertruck_description//materials/textures
[0.078s] -- Up-to-date: /home/kemo/Sally_ws/install/cybertruck_description/share/cybertruck_description//materials/textures/eyes.png
[0.078s] -- Up-to-date: /home/kemo/Sally_ws/install/cybertruck_description/share/cybertruck_description//rvizz
[0.078s] -- Up-to-date: /home/kemo/Sally_ws/install/cybertruck_description/share/cybertruck_description//rvizz/lidar.rviz
[0.078s] -- Up-to-date: /home/kemo/Sally_ws/install/cybertruck_description/share/cybertruck_description//rvizz/slam.rviz
[0.079s] -- Up-to-date: /home/kemo/Sally_ws/install/cybertruck_description/share/cybertruck_description//rvizz/cybertruck_simulation.rviz
[0.079s] -- Up-to-date: /home/kemo/Sally_ws/install/cybertruck_description/share/cybertruck_description//rvizz/navigation.rviz
[0.079s] -- Up-to-date: /home/kemo/Sally_ws/install/cybertruck_description/share/cybertruck_description//rvizz/rviz.launch.py
[0.079s] -- Up-to-date: /home/kemo/Sally_ws/install/cybertruck_description/share/cybertruck_description//maps
[0.079s] -- Up-to-date: /home/kemo/Sally_ws/install/cybertruck_description/share/cybertruck_description//maps/my_map.yaml
[0.079s] -- Up-to-date: /home/kemo/Sally_ws/install/cybertruck_description/share/cybertruck_description//maps/my_map.pgm
[0.079s] -- Up-to-date: /home/kemo/Sally_ws/install/cybertruck_description/lib/cybertruck_description/odom_to_tf.py
[0.079s] -- Up-to-date: /home/kemo/Sally_ws/install/cybertruck_description/share/ament_index/resource_index/package_run_dependencies/cybertruck_description
[0.079s] -- Up-to-date: /home/kemo/Sally_ws/install/cybertruck_description/share/ament_index/resource_index/parent_prefix_path/cybertruck_description
[0.079s] -- Up-to-date: /home/kemo/Sally_ws/install/cybertruck_description/share/cybertruck_description/environment/ament_prefix_path.sh
[0.079s] -- Up-to-date: /home/kemo/Sally_ws/install/cybertruck_description/share/cybertruck_description/environment/ament_prefix_path.dsv
[0.079s] -- Up-to-date: /home/kemo/Sally_ws/install/cybertruck_description/share/cybertruck_description/environment/path.sh
[0.079s] -- Up-to-date: /home/kemo/Sally_ws/install/cybertruck_description/share/cybertruck_description/environment/path.dsv
[0.079s] -- Up-to-date: /home/kemo/Sally_ws/install/cybertruck_description/share/cybertruck_description/local_setup.bash
[0.080s] -- Up-to-date: /home/kemo/Sally_ws/install/cybertruck_description/share/cybertruck_description/local_setup.sh
[0.080s] -- Up-to-date: /home/kemo/Sally_ws/install/cybertruck_description/share/cybertruck_description/local_setup.zsh
[0.080s] -- Up-to-date: /home/kemo/Sally_ws/install/cybertruck_description/share/cybertruck_description/local_setup.dsv
[0.080s] -- Installing: /home/kemo/Sally_ws/install/cybertruck_description/share/cybertruck_description/package.dsv
[0.080s] -- Up-to-date: /home/kemo/Sally_ws/install/cybertruck_description/share/ament_index/resource_index/packages/cybertruck_description
[0.081s] -- Up-to-date: /home/kemo/Sally_ws/install/cybertruck_description/share/cybertruck_description/cmake/cybertruck_descriptionConfig.cmake
[0.081s] -- Up-to-date: /home/kemo/Sally_ws/install/cybertruck_description/share/cybertruck_description/cmake/cybertruck_descriptionConfig-version.cmake
[0.081s] -- Up-to-date: /home/kemo/Sally_ws/install/cybertruck_description/share/cybertruck_description/package.xml
[0.086s] Invoked command in '/home/kemo/Sally_ws/build/cybertruck_description' returned '0': CMAKE_PREFIX_PATH=/home/kemo/ros_ws/install/my_robot_bringup:/home/kemo/ros_ws/install/my_cpp_pkg:/home/kemo/ros_ws/install/my_robot_interfaces:/home/kemo/ros_ws/install/my_py_pkg:/opt/ros/humble:/home/kemo/description/install/assem1 /usr/bin/cmake --install /home/kemo/Sally_ws/build/cybertruck_description
