-- Found ament_cmake: 1.3.11 (/opt/ros/humble/share/ament_cmake/cmake)
-- Found rclcpp: 16.0.12 (/opt/ros/humble/share/rclcpp/cmake)
-- Found rosidl_generator_c: 3.1.6 (/opt/ros/humble/share/rosidl_generator_c/cmake)
-- Found rosidl_adapter: 3.1.6 (/opt/ros/humble/share/rosidl_adapter/cmake)
-- Found rosidl_generator_cpp: 3.1.6 (/opt/ros/humble/share/rosidl_generator_cpp/cmake)
-- Using all available rosidl_typesupport_c: rosidl_typesupport_fastrtps_c;rosidl_typesupport_introspection_c
-- Using all available rosidl_typesupport_cpp: rosidl_typesupport_fastrtps_cpp;rosidl_typesupport_introspection_cpp
-- Found rmw_implementation_cmake: 6.1.2 (/opt/ros/humble/share/rmw_implementation_cmake/cmake)
-- Found rmw_cyclonedds_cpp: 1.3.4 (/opt/ros/humble/share/rmw_cyclonedds_cpp/cmake)
-- Using RMW implementation 'rmw_cyclonedds_cpp' as default
-- Found geometry_msgs: 4.8.0 (/opt/ros/humble/share/geometry_msgs/cmake)
-- Found nav_msgs: 4.8.0 (/opt/ros/humble/share/nav_msgs/cmake)
-- Found ament_lint_auto: 0.12.12 (/opt/ros/humble/share/ament_lint_auto/cmake)
-- Added test 'cppcheck' to perform static code analysis on C / C++ code
-- Configured cppcheck include dirs: 
-- Configured cppcheck exclude dirs and/or files: 
-- Added test 'lint_cmake' to check CMake code style
-- Added test 'uncrustify' to check C / C++ code style
-- Configured uncrustify additional arguments: 
-- Added test 'xmllint' to check XML markup files
-- Configuring done
-- Generating done
-- Build files have been written to: /home/kemo/Sally_ws/build/control_node
[ 50%] [32mBuilding CXX object CMakeFiles/control_node.dir/src/control_node.cpp.o[0m
[100%] [32m[1mLinking CXX executable control_node[0m
[100%] Built target control_node
-- Install configuration: ""
-- Installing: /home/kemo/Sally_ws/install/control_node/lib/control_node/control_node
-- Set runtime path of "/home/kemo/Sally_ws/install/control_node/lib/control_node/control_node" to ""
-- Installing: /home/kemo/Sally_ws/install/control_node/share/ament_index/resource_index/package_run_dependencies/control_node
-- Installing: /home/kemo/Sally_ws/install/control_node/share/ament_index/resource_index/parent_prefix_path/control_node
-- Installing: /home/kemo/Sally_ws/install/control_node/share/control_node/environment/ament_prefix_path.sh
-- Installing: /home/kemo/Sally_ws/install/control_node/share/control_node/environment/ament_prefix_path.dsv
-- Installing: /home/kemo/Sally_ws/install/control_node/share/control_node/environment/path.sh
-- Installing: /home/kemo/Sally_ws/install/control_node/share/control_node/environment/path.dsv
-- Installing: /home/kemo/Sally_ws/install/control_node/share/control_node/local_setup.bash
-- Installing: /home/kemo/Sally_ws/install/control_node/share/control_node/local_setup.sh
-- Installing: /home/kemo/Sally_ws/install/control_node/share/control_node/local_setup.zsh
-- Installing: /home/kemo/Sally_ws/install/control_node/share/control_node/local_setup.dsv
-- Installing: /home/kemo/Sally_ws/install/control_node/share/control_node/package.dsv
-- Installing: /home/kemo/Sally_ws/install/control_node/share/ament_index/resource_index/packages/control_node
-- Installing: /home/kemo/Sally_ws/install/control_node/share/control_node/cmake/control_nodeConfig.cmake
-- Installing: /home/kemo/Sally_ws/install/control_node/share/control_node/cmake/control_nodeConfig-version.cmake
-- Installing: /home/kemo/Sally_ws/install/control_node/share/control_node/package.xml
