[0.018s] Invoking command in '/home/kemo/Sally_ws/build/control_node': CMAKE_PREFIX_PATH=/home/kemo/ros_ws/install/my_robot_bringup:/home/kemo/ros_ws/install/my_cpp_pkg:/home/kemo/ros_ws/install/my_robot_interfaces:/home/kemo/ros_ws/install/my_py_pkg:/opt/ros/humble:/home/kemo/description/install/assem1 /usr/bin/cmake /home/kemo/Sally_ws/src/control_node -DCMAKE_INSTALL_PREFIX=/home/kemo/Sally_ws/install/control_node
[0.028s] -- Found ament_cmake: 1.3.11 (/opt/ros/humble/share/ament_cmake/cmake)
[0.133s] -- Found rclcpp: 16.0.12 (/opt/ros/humble/share/rclcpp/cmake)
[0.157s] -- Found rosidl_generator_c: 3.1.6 (/opt/ros/humble/share/rosidl_generator_c/cmake)
[0.158s] -- Found rosidl_adapter: 3.1.6 (/opt/ros/humble/share/rosidl_adapter/cmake)
[0.163s] -- Found rosidl_generator_cpp: 3.1.6 (/opt/ros/humble/share/rosidl_generator_cpp/cmake)
[0.169s] -- Using all available rosidl_typesupport_c: rosidl_typesupport_fastrtps_c;rosidl_typesupport_introspection_c
[0.179s] -- Using all available rosidl_typesupport_cpp: rosidl_typesupport_fastrtps_cpp;rosidl_typesupport_introspection_cpp
[0.205s] -- Found rmw_implementation_cmake: 6.1.2 (/opt/ros/humble/share/rmw_implementation_cmake/cmake)
[0.205s] -- Found rmw_cyclonedds_cpp: 1.3.4 (/opt/ros/humble/share/rmw_cyclonedds_cpp/cmake)
[0.218s] -- Using RMW implementation 'rmw_cyclonedds_cpp' as default
[0.253s] -- Found geometry_msgs: 4.8.0 (/opt/ros/humble/share/geometry_msgs/cmake)
[0.262s] -- Found nav_msgs: 4.8.0 (/opt/ros/humble/share/nav_msgs/cmake)
[0.275s] -- Found ament_lint_auto: 0.12.12 (/opt/ros/humble/share/ament_lint_auto/cmake)
[0.345s] -- Added test 'cppcheck' to perform static code analysis on C / C++ code
[0.345s] -- Configured cppcheck include dirs: 
[0.345s] -- Configured cppcheck exclude dirs and/or files: 
[0.345s] -- Added test 'lint_cmake' to check CMake code style
[0.346s] -- Added test 'uncrustify' to check C / C++ code style
[0.346s] -- Configured uncrustify additional arguments: 
[0.346s] -- Added test 'xmllint' to check XML markup files
[0.347s] -- Configuring done
[0.355s] -- Generating done
[0.357s] -- Build files have been written to: /home/kemo/Sally_ws/build/control_node
[0.364s] Invoked command in '/home/kemo/Sally_ws/build/control_node' returned '0': CMAKE_PREFIX_PATH=/home/kemo/ros_ws/install/my_robot_bringup:/home/kemo/ros_ws/install/my_cpp_pkg:/home/kemo/ros_ws/install/my_robot_interfaces:/home/kemo/ros_ws/install/my_py_pkg:/opt/ros/humble:/home/kemo/description/install/assem1 /usr/bin/cmake /home/kemo/Sally_ws/src/control_node -DCMAKE_INSTALL_PREFIX=/home/kemo/Sally_ws/install/control_node
[0.365s] Invoking command in '/home/kemo/Sally_ws/build/control_node': CMAKE_PREFIX_PATH=/home/kemo/ros_ws/install/my_robot_bringup:/home/kemo/ros_ws/install/my_cpp_pkg:/home/kemo/ros_ws/install/my_robot_interfaces:/home/kemo/ros_ws/install/my_py_pkg:/opt/ros/humble:/home/kemo/description/install/assem1 /usr/bin/cmake --build /home/kemo/Sally_ws/build/control_node -- -j16 -l16
[0.420s] [ 50%] [32mBuilding CXX object CMakeFiles/control_node.dir/src/control_node.cpp.o[0m
[8.066s] [100%] [32m[1mLinking CXX executable control_node[0m
[8.428s] [100%] Built target control_node
[8.439s] Invoked command in '/home/kemo/Sally_ws/build/control_node' returned '0': CMAKE_PREFIX_PATH=/home/kemo/ros_ws/install/my_robot_bringup:/home/kemo/ros_ws/install/my_cpp_pkg:/home/kemo/ros_ws/install/my_robot_interfaces:/home/kemo/ros_ws/install/my_py_pkg:/opt/ros/humble:/home/kemo/description/install/assem1 /usr/bin/cmake --build /home/kemo/Sally_ws/build/control_node -- -j16 -l16
[8.441s] Invoking command in '/home/kemo/Sally_ws/build/control_node': CMAKE_PREFIX_PATH=/home/kemo/ros_ws/install/my_robot_bringup:/home/kemo/ros_ws/install/my_cpp_pkg:/home/kemo/ros_ws/install/my_robot_interfaces:/home/kemo/ros_ws/install/my_py_pkg:/opt/ros/humble:/home/kemo/description/install/assem1 /usr/bin/cmake --install /home/kemo/Sally_ws/build/control_node
[8.448s] -- Install configuration: ""
[8.448s] -- Installing: /home/kemo/Sally_ws/install/control_node/lib/control_node/control_node
[8.452s] -- Set runtime path of "/home/kemo/Sally_ws/install/control_node/lib/control_node/control_node" to ""
[8.452s] -- Installing: /home/kemo/Sally_ws/install/control_node/share/ament_index/resource_index/package_run_dependencies/control_node
[8.452s] -- Installing: /home/kemo/Sally_ws/install/control_node/share/ament_index/resource_index/parent_prefix_path/control_node
[8.452s] -- Installing: /home/kemo/Sally_ws/install/control_node/share/control_node/environment/ament_prefix_path.sh
[8.452s] -- Installing: /home/kemo/Sally_ws/install/control_node/share/control_node/environment/ament_prefix_path.dsv
[8.452s] -- Installing: /home/kemo/Sally_ws/install/control_node/share/control_node/environment/path.sh
[8.453s] -- Installing: /home/kemo/Sally_ws/install/control_node/share/control_node/environment/path.dsv
[8.453s] -- Installing: /home/kemo/Sally_ws/install/control_node/share/control_node/local_setup.bash
[8.453s] -- Installing: /home/kemo/Sally_ws/install/control_node/share/control_node/local_setup.sh
[8.453s] -- Installing: /home/kemo/Sally_ws/install/control_node/share/control_node/local_setup.zsh
[8.453s] -- Installing: /home/kemo/Sally_ws/install/control_node/share/control_node/local_setup.dsv
[8.453s] -- Installing: /home/kemo/Sally_ws/install/control_node/share/control_node/package.dsv
[8.454s] -- Installing: /home/kemo/Sally_ws/install/control_node/share/ament_index/resource_index/packages/control_node
[8.454s] -- Installing: /home/kemo/Sally_ws/install/control_node/share/control_node/cmake/control_nodeConfig.cmake
[8.454s] -- Installing: /home/kemo/Sally_ws/install/control_node/share/control_node/cmake/control_nodeConfig-version.cmake
[8.454s] -- Installing: /home/kemo/Sally_ws/install/control_node/share/control_node/package.xml
[8.457s] Invoked command in '/home/kemo/Sally_ws/build/control_node' returned '0': CMAKE_PREFIX_PATH=/home/kemo/ros_ws/install/my_robot_bringup:/home/kemo/ros_ws/install/my_cpp_pkg:/home/kemo/ros_ws/install/my_robot_interfaces:/home/kemo/ros_ws/install/my_py_pkg:/opt/ros/humble:/home/kemo/description/install/assem1 /usr/bin/cmake --install /home/kemo/Sally_ws/build/control_node
