[0.153s] DEBUG:colcon:Command line arguments: ['/usr/bin/colcon', 'build']
[0.153s] DEBUG:colcon:Parsed command line arguments: Namespace(log_base=None, log_level=None, verb_name='build', build_base='build', install_base='install', merge_install=False, symlink_install=False, test_result_base=None, continue_on_error=False, executor='parallel', parallel_workers=16, event_handlers=None, ignore_user_meta=False, metas=['./colcon.meta'], base_paths=['.'], packages_ignore=None, packages_ignore_regex=None, paths=None, packages_up_to=None, packages_up_to_regex=None, packages_above=None, packages_above_and_dependencies=None, packages_above_depth=None, packages_select_by_dep=None, packages_skip_by_dep=None, packages_skip_up_to=None, packages_select_build_failed=False, packages_skip_build_finished=False, packages_select_test_failures=False, packages_skip_test_passed=False, packages_select=None, packages_skip=None, packages_select_regex=None, packages_skip_regex=None, packages_start=None, packages_end=None, allow_overriding=[], cmake_args=None, cmake_target=None, cmake_target_skip_unavailable=False, cmake_clean_cache=False, cmake_clean_first=False, cmake_force_configure=False, ament_cmake_args=None, catkin_cmake_args=None, catkin_skip_building_tests=False, mixin_files=None, mixin=None, verb_parser=<colcon_mixin.mixin.mixin_argument.MixinArgumentDecorator object at 0x77cf06807130>, verb_extension=<colcon_core.verb.build.BuildVerb object at 0x77cf06806b30>, main=<bound method BuildVerb.main of <colcon_core.verb.build.BuildVerb object at 0x77cf06806b30>>, mixin_verb=('build',))
[0.360s] Level 1:colcon.colcon_core.package_discovery:discover_packages(colcon_meta) check parameters
[0.360s] Level 1:colcon.colcon_core.package_discovery:discover_packages(recursive) check parameters
[0.360s] Level 1:colcon.colcon_core.package_discovery:discover_packages(ignore) check parameters
[0.360s] Level 1:colcon.colcon_core.package_discovery:discover_packages(path) check parameters
[0.360s] Level 1:colcon.colcon_core.package_discovery:discover_packages(colcon_meta) discover
[0.360s] Level 1:colcon.colcon_core.package_discovery:discover_packages(recursive) discover
[0.360s] INFO:colcon.colcon_core.package_discovery:Crawling recursively for packages in '/home/kemo/Sally_ws'
[0.360s] Level 1:colcon.colcon_core.package_identification:_identify(.) by extensions ['ignore', 'ignore_ament_install']
[0.360s] Level 1:colcon.colcon_core.package_identification:_identify(.) by extension 'ignore'
[0.360s] Level 1:colcon.colcon_core.package_identification:_identify(.) by extension 'ignore_ament_install'
[0.360s] Level 1:colcon.colcon_core.package_identification:_identify(.) by extensions ['colcon_pkg']
[0.360s] Level 1:colcon.colcon_core.package_identification:_identify(.) by extension 'colcon_pkg'
[0.360s] Level 1:colcon.colcon_core.package_identification:_identify(.) by extensions ['colcon_meta']
[0.360s] Level 1:colcon.colcon_core.package_identification:_identify(.) by extension 'colcon_meta'
[0.360s] Level 1:colcon.colcon_core.package_identification:_identify(.) by extensions ['ros']
[0.360s] Level 1:colcon.colcon_core.package_identification:_identify(.) by extension 'ros'
[0.370s] Level 1:colcon.colcon_core.package_identification:_identify(.) by extensions ['cmake', 'python']
[0.370s] Level 1:colcon.colcon_core.package_identification:_identify(.) by extension 'cmake'
[0.370s] Level 1:colcon.colcon_core.package_identification:_identify(.) by extension 'python'
[0.370s] Level 1:colcon.colcon_core.package_identification:_identify(.) by extensions ['python_setup_py']
[0.370s] Level 1:colcon.colcon_core.package_identification:_identify(.) by extension 'python_setup_py'
[0.370s] Level 1:colcon.colcon_core.package_identification:_identify(build) by extensions ['ignore', 'ignore_ament_install']
[0.370s] Level 1:colcon.colcon_core.package_identification:_identify(build) by extension 'ignore'
[0.370s] Level 1:colcon.colcon_core.package_identification:_identify(build) ignored
[0.371s] Level 1:colcon.colcon_core.package_identification:_identify(install) by extensions ['ignore', 'ignore_ament_install']
[0.371s] Level 1:colcon.colcon_core.package_identification:_identify(install) by extension 'ignore'
[0.371s] Level 1:colcon.colcon_core.package_identification:_identify(install) ignored
[0.371s] Level 1:colcon.colcon_core.package_identification:_identify(log) by extensions ['ignore', 'ignore_ament_install']
[0.371s] Level 1:colcon.colcon_core.package_identification:_identify(log) by extension 'ignore'
[0.371s] Level 1:colcon.colcon_core.package_identification:_identify(log) ignored
[0.371s] Level 1:colcon.colcon_core.package_identification:_identify(src) by extensions ['ignore', 'ignore_ament_install']
[0.371s] Level 1:colcon.colcon_core.package_identification:_identify(src) by extension 'ignore'
[0.371s] Level 1:colcon.colcon_core.package_identification:_identify(src) by extension 'ignore_ament_install'
[0.371s] Level 1:colcon.colcon_core.package_identification:_identify(src) by extensions ['colcon_pkg']
[0.371s] Level 1:colcon.colcon_core.package_identification:_identify(src) by extension 'colcon_pkg'
[0.371s] Level 1:colcon.colcon_core.package_identification:_identify(src) by extensions ['colcon_meta']
[0.371s] Level 1:colcon.colcon_core.package_identification:_identify(src) by extension 'colcon_meta'
[0.371s] Level 1:colcon.colcon_core.package_identification:_identify(src) by extensions ['ros']
[0.371s] Level 1:colcon.colcon_core.package_identification:_identify(src) by extension 'ros'
[0.371s] Level 1:colcon.colcon_core.package_identification:_identify(src) by extensions ['cmake', 'python']
[0.371s] Level 1:colcon.colcon_core.package_identification:_identify(src) by extension 'cmake'
[0.371s] Level 1:colcon.colcon_core.package_identification:_identify(src) by extension 'python'
[0.371s] Level 1:colcon.colcon_core.package_identification:_identify(src) by extensions ['python_setup_py']
[0.371s] Level 1:colcon.colcon_core.package_identification:_identify(src) by extension 'python_setup_py'
[0.372s] Level 1:colcon.colcon_core.package_identification:_identify(src/control_node) by extensions ['ignore', 'ignore_ament_install']
[0.372s] Level 1:colcon.colcon_core.package_identification:_identify(src/control_node) by extension 'ignore'
[0.372s] Level 1:colcon.colcon_core.package_identification:_identify(src/control_node) by extension 'ignore_ament_install'
[0.372s] Level 1:colcon.colcon_core.package_identification:_identify(src/control_node) by extensions ['colcon_pkg']
[0.372s] Level 1:colcon.colcon_core.package_identification:_identify(src/control_node) by extension 'colcon_pkg'
[0.372s] Level 1:colcon.colcon_core.package_identification:_identify(src/control_node) by extensions ['colcon_meta']
[0.372s] Level 1:colcon.colcon_core.package_identification:_identify(src/control_node) by extension 'colcon_meta'
[0.372s] Level 1:colcon.colcon_core.package_identification:_identify(src/control_node) by extensions ['ros']
[0.372s] Level 1:colcon.colcon_core.package_identification:_identify(src/control_node) by extension 'ros'
[0.375s] DEBUG:colcon.colcon_core.package_identification:Package 'src/control_node' with type 'ros.ament_cmake' and name 'control_node'
[0.375s] Level 1:colcon.colcon_core.package_identification:_identify(src/cybertruck_description) by extensions ['ignore', 'ignore_ament_install']
[0.375s] Level 1:colcon.colcon_core.package_identification:_identify(src/cybertruck_description) by extension 'ignore'
[0.375s] Level 1:colcon.colcon_core.package_identification:_identify(src/cybertruck_description) by extension 'ignore_ament_install'
[0.375s] Level 1:colcon.colcon_core.package_identification:_identify(src/cybertruck_description) by extensions ['colcon_pkg']
[0.375s] Level 1:colcon.colcon_core.package_identification:_identify(src/cybertruck_description) by extension 'colcon_pkg'
[0.375s] Level 1:colcon.colcon_core.package_identification:_identify(src/cybertruck_description) by extensions ['colcon_meta']
[0.375s] Level 1:colcon.colcon_core.package_identification:_identify(src/cybertruck_description) by extension 'colcon_meta'
[0.375s] Level 1:colcon.colcon_core.package_identification:_identify(src/cybertruck_description) by extensions ['ros']
[0.375s] Level 1:colcon.colcon_core.package_identification:_identify(src/cybertruck_description) by extension 'ros'
[0.376s] DEBUG:colcon.colcon_core.package_identification:Package 'src/cybertruck_description' with type 'ros.ament_cmake' and name 'cybertruck_description'
[0.376s] Level 1:colcon.colcon_core.package_identification:_identify(src/my_sensor_pkg) by extensions ['ignore', 'ignore_ament_install']
[0.376s] Level 1:colcon.colcon_core.package_identification:_identify(src/my_sensor_pkg) by extension 'ignore'
[0.376s] Level 1:colcon.colcon_core.package_identification:_identify(src/my_sensor_pkg) by extension 'ignore_ament_install'
[0.376s] Level 1:colcon.colcon_core.package_identification:_identify(src/my_sensor_pkg) by extensions ['colcon_pkg']
[0.376s] Level 1:colcon.colcon_core.package_identification:_identify(src/my_sensor_pkg) by extension 'colcon_pkg'
[0.376s] Level 1:colcon.colcon_core.package_identification:_identify(src/my_sensor_pkg) by extensions ['colcon_meta']
[0.376s] Level 1:colcon.colcon_core.package_identification:_identify(src/my_sensor_pkg) by extension 'colcon_meta'
[0.376s] Level 1:colcon.colcon_core.package_identification:_identify(src/my_sensor_pkg) by extensions ['ros']
[0.376s] Level 1:colcon.colcon_core.package_identification:_identify(src/my_sensor_pkg) by extension 'ros'
[0.377s] DEBUG:colcon.colcon_core.package_identification:Package 'src/my_sensor_pkg' with type 'ros.ament_cmake' and name 'my_sensor_pkg'
[0.377s] Level 1:colcon.colcon_core.package_identification:_identify(src/robot-localization(13)) by extensions ['ignore', 'ignore_ament_install']
[0.377s] Level 1:colcon.colcon_core.package_identification:_identify(src/robot-localization(13)) by extension 'ignore'
[0.377s] Level 1:colcon.colcon_core.package_identification:_identify(src/robot-localization(13)) by extension 'ignore_ament_install'
[0.377s] Level 1:colcon.colcon_core.package_identification:_identify(src/robot-localization(13)) by extensions ['colcon_pkg']
[0.377s] Level 1:colcon.colcon_core.package_identification:_identify(src/robot-localization(13)) by extension 'colcon_pkg'
[0.377s] Level 1:colcon.colcon_core.package_identification:_identify(src/robot-localization(13)) by extensions ['colcon_meta']
[0.377s] Level 1:colcon.colcon_core.package_identification:_identify(src/robot-localization(13)) by extension 'colcon_meta'
[0.377s] Level 1:colcon.colcon_core.package_identification:_identify(src/robot-localization(13)) by extensions ['ros']
[0.377s] Level 1:colcon.colcon_core.package_identification:_identify(src/robot-localization(13)) by extension 'ros'
[0.387s] DEBUG:colcon.colcon_core.package_identification:Package 'src/robot-localization(13)' with type 'ros.ament_cmake' and name 'robot_localization'
[0.387s] Level 1:colcon.colcon_core.package_discovery:discover_packages(recursive) using defaults
[0.387s] Level 1:colcon.colcon_core.package_discovery:discover_packages(ignore) discover
[0.387s] Level 1:colcon.colcon_core.package_discovery:discover_packages(ignore) using defaults
[0.387s] Level 1:colcon.colcon_core.package_discovery:discover_packages(path) discover
[0.387s] Level 1:colcon.colcon_core.package_discovery:discover_packages(path) using defaults
[0.406s] Level 1:colcon.colcon_core.package_discovery:discover_packages(prefix_path) check parameters
[0.406s] Level 1:colcon.colcon_core.package_discovery:discover_packages(prefix_path) discover
[0.408s] DEBUG:colcon.colcon_installed_package_information.package_discovery:Found 4 installed packages in /home/kemo/ros_ws/install
[0.408s] DEBUG:colcon.colcon_installed_package_information.package_discovery:Found 1 installed packages in /home/kemo/description/install
[0.410s] DEBUG:colcon.colcon_installed_package_information.package_discovery:Found 467 installed packages in /opt/ros/humble
[0.412s] Level 1:colcon.colcon_core.package_discovery:discover_packages(prefix_path) using defaults
[0.492s] Level 5:colcon.colcon_core.verb:set package 'control_node' build argument 'cmake_args' from command line to 'None'
[0.492s] Level 5:colcon.colcon_core.verb:set package 'control_node' build argument 'cmake_target' from command line to 'None'
[0.492s] Level 5:colcon.colcon_core.verb:set package 'control_node' build argument 'cmake_target_skip_unavailable' from command line to 'False'
[0.492s] Level 5:colcon.colcon_core.verb:set package 'control_node' build argument 'cmake_clean_cache' from command line to 'False'
[0.492s] Level 5:colcon.colcon_core.verb:set package 'control_node' build argument 'cmake_clean_first' from command line to 'False'
[0.492s] Level 5:colcon.colcon_core.verb:set package 'control_node' build argument 'cmake_force_configure' from command line to 'False'
[0.492s] Level 5:colcon.colcon_core.verb:set package 'control_node' build argument 'ament_cmake_args' from command line to 'None'
[0.492s] Level 5:colcon.colcon_core.verb:set package 'control_node' build argument 'catkin_cmake_args' from command line to 'None'
[0.492s] Level 5:colcon.colcon_core.verb:set package 'control_node' build argument 'catkin_skip_building_tests' from command line to 'False'
[0.492s] DEBUG:colcon.colcon_core.verb:Building package 'control_node' with the following arguments: {'ament_cmake_args': None, 'build_base': '/home/kemo/Sally_ws/build/control_node', 'catkin_cmake_args': None, 'catkin_skip_building_tests': False, 'cmake_args': None, 'cmake_clean_cache': False, 'cmake_clean_first': False, 'cmake_force_configure': False, 'cmake_target': None, 'cmake_target_skip_unavailable': False, 'install_base': '/home/kemo/Sally_ws/install/control_node', 'merge_install': False, 'path': '/home/kemo/Sally_ws/src/control_node', 'symlink_install': False, 'test_result_base': None}
[0.493s] Level 5:colcon.colcon_core.verb:set package 'cybertruck_description' build argument 'cmake_args' from command line to 'None'
[0.493s] Level 5:colcon.colcon_core.verb:set package 'cybertruck_description' build argument 'cmake_target' from command line to 'None'
[0.493s] Level 5:colcon.colcon_core.verb:set package 'cybertruck_description' build argument 'cmake_target_skip_unavailable' from command line to 'False'
[0.493s] Level 5:colcon.colcon_core.verb:set package 'cybertruck_description' build argument 'cmake_clean_cache' from command line to 'False'
[0.493s] Level 5:colcon.colcon_core.verb:set package 'cybertruck_description' build argument 'cmake_clean_first' from command line to 'False'
[0.493s] Level 5:colcon.colcon_core.verb:set package 'cybertruck_description' build argument 'cmake_force_configure' from command line to 'False'
[0.493s] Level 5:colcon.colcon_core.verb:set package 'cybertruck_description' build argument 'ament_cmake_args' from command line to 'None'
[0.493s] Level 5:colcon.colcon_core.verb:set package 'cybertruck_description' build argument 'catkin_cmake_args' from command line to 'None'
[0.493s] Level 5:colcon.colcon_core.verb:set package 'cybertruck_description' build argument 'catkin_skip_building_tests' from command line to 'False'
[0.493s] DEBUG:colcon.colcon_core.verb:Building package 'cybertruck_description' with the following arguments: {'ament_cmake_args': None, 'build_base': '/home/kemo/Sally_ws/build/cybertruck_description', 'catkin_cmake_args': None, 'catkin_skip_building_tests': False, 'cmake_args': None, 'cmake_clean_cache': False, 'cmake_clean_first': False, 'cmake_force_configure': False, 'cmake_target': None, 'cmake_target_skip_unavailable': False, 'install_base': '/home/kemo/Sally_ws/install/cybertruck_description', 'merge_install': False, 'path': '/home/kemo/Sally_ws/src/cybertruck_description', 'symlink_install': False, 'test_result_base': None}
[0.493s] Level 5:colcon.colcon_core.verb:set package 'my_sensor_pkg' build argument 'cmake_args' from command line to 'None'
[0.493s] Level 5:colcon.colcon_core.verb:set package 'my_sensor_pkg' build argument 'cmake_target' from command line to 'None'
[0.493s] Level 5:colcon.colcon_core.verb:set package 'my_sensor_pkg' build argument 'cmake_target_skip_unavailable' from command line to 'False'
[0.493s] Level 5:colcon.colcon_core.verb:set package 'my_sensor_pkg' build argument 'cmake_clean_cache' from command line to 'False'
[0.493s] Level 5:colcon.colcon_core.verb:set package 'my_sensor_pkg' build argument 'cmake_clean_first' from command line to 'False'
[0.493s] Level 5:colcon.colcon_core.verb:set package 'my_sensor_pkg' build argument 'cmake_force_configure' from command line to 'False'
[0.493s] Level 5:colcon.colcon_core.verb:set package 'my_sensor_pkg' build argument 'ament_cmake_args' from command line to 'None'
[0.493s] Level 5:colcon.colcon_core.verb:set package 'my_sensor_pkg' build argument 'catkin_cmake_args' from command line to 'None'
[0.493s] Level 5:colcon.colcon_core.verb:set package 'my_sensor_pkg' build argument 'catkin_skip_building_tests' from command line to 'False'
[0.493s] DEBUG:colcon.colcon_core.verb:Building package 'my_sensor_pkg' with the following arguments: {'ament_cmake_args': None, 'build_base': '/home/kemo/Sally_ws/build/my_sensor_pkg', 'catkin_cmake_args': None, 'catkin_skip_building_tests': False, 'cmake_args': None, 'cmake_clean_cache': False, 'cmake_clean_first': False, 'cmake_force_configure': False, 'cmake_target': None, 'cmake_target_skip_unavailable': False, 'install_base': '/home/kemo/Sally_ws/install/my_sensor_pkg', 'merge_install': False, 'path': '/home/kemo/Sally_ws/src/my_sensor_pkg', 'symlink_install': False, 'test_result_base': None}
[0.494s] Level 5:colcon.colcon_core.verb:set package 'robot_localization' build argument 'cmake_args' from command line to 'None'
[0.494s] Level 5:colcon.colcon_core.verb:set package 'robot_localization' build argument 'cmake_target' from command line to 'None'
[0.494s] Level 5:colcon.colcon_core.verb:set package 'robot_localization' build argument 'cmake_target_skip_unavailable' from command line to 'False'
[0.494s] Level 5:colcon.colcon_core.verb:set package 'robot_localization' build argument 'cmake_clean_cache' from command line to 'False'
[0.494s] Level 5:colcon.colcon_core.verb:set package 'robot_localization' build argument 'cmake_clean_first' from command line to 'False'
[0.494s] Level 5:colcon.colcon_core.verb:set package 'robot_localization' build argument 'cmake_force_configure' from command line to 'False'
[0.494s] Level 5:colcon.colcon_core.verb:set package 'robot_localization' build argument 'ament_cmake_args' from command line to 'None'
[0.494s] Level 5:colcon.colcon_core.verb:set package 'robot_localization' build argument 'catkin_cmake_args' from command line to 'None'
[0.494s] Level 5:colcon.colcon_core.verb:set package 'robot_localization' build argument 'catkin_skip_building_tests' from command line to 'False'
[0.494s] DEBUG:colcon.colcon_core.verb:Building package 'robot_localization' with the following arguments: {'ament_cmake_args': None, 'build_base': '/home/kemo/Sally_ws/build/robot_localization', 'catkin_cmake_args': None, 'catkin_skip_building_tests': False, 'cmake_args': None, 'cmake_clean_cache': False, 'cmake_clean_first': False, 'cmake_force_configure': False, 'cmake_target': None, 'cmake_target_skip_unavailable': False, 'install_base': '/home/kemo/Sally_ws/install/robot_localization', 'merge_install': False, 'path': '/home/kemo/Sally_ws/src/robot-localization(13)', 'symlink_install': False, 'test_result_base': None}
[0.494s] INFO:colcon.colcon_core.executor:Executing jobs using 'parallel' executor
[0.495s] DEBUG:colcon.colcon_parallel_executor.executor.parallel:run_until_complete
[0.495s] INFO:colcon.colcon_ros.task.ament_cmake.build:Building ROS package in '/home/kemo/Sally_ws/src/control_node' with build type 'ament_cmake'
[0.495s] INFO:colcon.colcon_cmake.task.cmake.build:Building CMake package in '/home/kemo/Sally_ws/src/control_node'
[0.498s] INFO:colcon.colcon_core.plugin_system:Skipping extension 'colcon_core.shell.bat': Not used on non-Windows systems
[0.498s] INFO:colcon.colcon_core.shell:Skip shell extension 'powershell' for command environment: Not usable outside of PowerShell
[0.498s] DEBUG:colcon.colcon_core.shell:Skip shell extension 'dsv' for command environment
[0.501s] INFO:colcon.colcon_ros.task.ament_cmake.build:Building ROS package in '/home/kemo/Sally_ws/src/cybertruck_description' with build type 'ament_cmake'
[0.502s] INFO:colcon.colcon_cmake.task.cmake.build:Building CMake package in '/home/kemo/Sally_ws/src/cybertruck_description'
[0.502s] INFO:colcon.colcon_core.shell:Skip shell extension 'powershell' for command environment: Not usable outside of PowerShell
[0.502s] DEBUG:colcon.colcon_core.shell:Skip shell extension 'dsv' for command environment
[0.505s] INFO:colcon.colcon_ros.task.ament_cmake.build:Building ROS package in '/home/kemo/Sally_ws/src/my_sensor_pkg' with build type 'ament_cmake'
[0.505s] INFO:colcon.colcon_cmake.task.cmake.build:Building CMake package in '/home/kemo/Sally_ws/src/my_sensor_pkg'
[0.505s] INFO:colcon.colcon_core.shell:Skip shell extension 'powershell' for command environment: Not usable outside of PowerShell
[0.505s] DEBUG:colcon.colcon_core.shell:Skip shell extension 'dsv' for command environment
[0.508s] INFO:colcon.colcon_ros.task.ament_cmake.build:Building ROS package in '/home/kemo/Sally_ws/src/robot-localization(13)' with build type 'ament_cmake'
[0.508s] INFO:colcon.colcon_cmake.task.cmake.build:Building CMake package in '/home/kemo/Sally_ws/src/robot-localization(13)'
[0.508s] INFO:colcon.colcon_core.shell:Skip shell extension 'powershell' for command environment: Not usable outside of PowerShell
[0.508s] DEBUG:colcon.colcon_core.shell:Skip shell extension 'dsv' for command environment
[0.515s] DEBUG:colcon.colcon_core.event_handler.log_command:Invoking command in '/home/kemo/Sally_ws/build/control_node': CMAKE_PREFIX_PATH=/home/kemo/ros_ws/install/my_robot_bringup:/home/kemo/ros_ws/install/my_cpp_pkg:/home/kemo/ros_ws/install/my_robot_interfaces:/home/kemo/ros_ws/install/my_py_pkg:/opt/ros/humble:/home/kemo/description/install/assem1 /usr/bin/cmake --build /home/kemo/Sally_ws/build/control_node -- -j16 -l16
[0.518s] DEBUG:colcon.colcon_core.event_handler.log_command:Invoking command in '/home/kemo/Sally_ws/build/cybertruck_description': CMAKE_PREFIX_PATH=/home/kemo/ros_ws/install/my_robot_bringup:/home/kemo/ros_ws/install/my_cpp_pkg:/home/kemo/ros_ws/install/my_robot_interfaces:/home/kemo/ros_ws/install/my_py_pkg:/opt/ros/humble:/home/kemo/description/install/assem1 /usr/bin/cmake --build /home/kemo/Sally_ws/build/cybertruck_description -- -j16 -l16
[0.520s] DEBUG:colcon.colcon_core.event_handler.log_command:Invoking command in '/home/kemo/Sally_ws/build/my_sensor_pkg': CMAKE_PREFIX_PATH=/home/kemo/ros_ws/install/my_robot_bringup:/home/kemo/ros_ws/install/my_cpp_pkg:/home/kemo/ros_ws/install/my_robot_interfaces:/home/kemo/ros_ws/install/my_py_pkg:/opt/ros/humble:/home/kemo/description/install/assem1 /usr/bin/cmake --build /home/kemo/Sally_ws/build/my_sensor_pkg -- -j16 -l16
[0.525s] DEBUG:colcon.colcon_core.event_handler.log_command:Invoking command in '/home/kemo/Sally_ws/build/robot_localization': CMAKE_PREFIX_PATH=/home/kemo/ros_ws/install/my_robot_bringup:/home/kemo/ros_ws/install/my_cpp_pkg:/home/kemo/ros_ws/install/my_robot_interfaces:/home/kemo/ros_ws/install/my_py_pkg:/opt/ros/humble:/home/kemo/description/install/assem1 /usr/bin/cmake --build /home/kemo/Sally_ws/build/robot_localization -- -j16 -l16
[0.554s] DEBUG:colcon.colcon_core.event_handler.log_command:Invoked command in '/home/kemo/Sally_ws/build/cybertruck_description' returned '0': CMAKE_PREFIX_PATH=/home/kemo/ros_ws/install/my_robot_bringup:/home/kemo/ros_ws/install/my_cpp_pkg:/home/kemo/ros_ws/install/my_robot_interfaces:/home/kemo/ros_ws/install/my_py_pkg:/opt/ros/humble:/home/kemo/description/install/assem1 /usr/bin/cmake --build /home/kemo/Sally_ws/build/cybertruck_description -- -j16 -l16
[0.570s] DEBUG:colcon.colcon_core.event_handler.log_command:Invoking command in '/home/kemo/Sally_ws/build/cybertruck_description': CMAKE_PREFIX_PATH=/home/kemo/ros_ws/install/my_robot_bringup:/home/kemo/ros_ws/install/my_cpp_pkg:/home/kemo/ros_ws/install/my_robot_interfaces:/home/kemo/ros_ws/install/my_py_pkg:/opt/ros/humble:/home/kemo/description/install/assem1 /usr/bin/cmake --install /home/kemo/Sally_ws/build/cybertruck_description
[0.583s] DEBUG:colcon.colcon_core.event_handler.log_command:Invoked command in '/home/kemo/Sally_ws/build/control_node' returned '0': CMAKE_PREFIX_PATH=/home/kemo/ros_ws/install/my_robot_bringup:/home/kemo/ros_ws/install/my_cpp_pkg:/home/kemo/ros_ws/install/my_robot_interfaces:/home/kemo/ros_ws/install/my_py_pkg:/opt/ros/humble:/home/kemo/description/install/assem1 /usr/bin/cmake --build /home/kemo/Sally_ws/build/control_node -- -j16 -l16
[0.585s] DEBUG:colcon.colcon_core.event_handler.log_command:Invoking command in '/home/kemo/Sally_ws/build/control_node': CMAKE_PREFIX_PATH=/home/kemo/ros_ws/install/my_robot_bringup:/home/kemo/ros_ws/install/my_cpp_pkg:/home/kemo/ros_ws/install/my_robot_interfaces:/home/kemo/ros_ws/install/my_py_pkg:/opt/ros/humble:/home/kemo/description/install/assem1 /usr/bin/cmake --install /home/kemo/Sally_ws/build/control_node
[0.585s] DEBUG:colcon.colcon_core.event_handler.log_command:Invoked command in '/home/kemo/Sally_ws/build/my_sensor_pkg' returned '0': CMAKE_PREFIX_PATH=/home/kemo/ros_ws/install/my_robot_bringup:/home/kemo/ros_ws/install/my_cpp_pkg:/home/kemo/ros_ws/install/my_robot_interfaces:/home/kemo/ros_ws/install/my_py_pkg:/opt/ros/humble:/home/kemo/description/install/assem1 /usr/bin/cmake --build /home/kemo/Sally_ws/build/my_sensor_pkg -- -j16 -l16
[0.587s] Level 1:colcon.colcon_core.environment:create_environment_scripts_only(cybertruck_description)
[0.587s] DEBUG:colcon.colcon_core.event_handler.log_command:Invoking command in '/home/kemo/Sally_ws/build/my_sensor_pkg': CMAKE_PREFIX_PATH=/home/kemo/ros_ws/install/my_robot_bringup:/home/kemo/ros_ws/install/my_cpp_pkg:/home/kemo/ros_ws/install/my_robot_interfaces:/home/kemo/ros_ws/install/my_py_pkg:/opt/ros/humble:/home/kemo/description/install/assem1 /usr/bin/cmake --install /home/kemo/Sally_ws/build/my_sensor_pkg
[0.587s] DEBUG:colcon.colcon_core.event_handler.log_command:Invoked command in '/home/kemo/Sally_ws/build/cybertruck_description' returned '0': CMAKE_PREFIX_PATH=/home/kemo/ros_ws/install/my_robot_bringup:/home/kemo/ros_ws/install/my_cpp_pkg:/home/kemo/ros_ws/install/my_robot_interfaces:/home/kemo/ros_ws/install/my_py_pkg:/opt/ros/humble:/home/kemo/description/install/assem1 /usr/bin/cmake --install /home/kemo/Sally_ws/build/cybertruck_description
[0.591s] Level 1:colcon.colcon_core.environment:checking '/home/kemo/Sally_ws/install/cybertruck_description' for CMake module files
[0.592s] Level 1:colcon.colcon_core.environment:checking '/home/kemo/Sally_ws/install/cybertruck_description' for CMake config files
[0.595s] Level 1:colcon.colcon_core.shell:create_environment_hook('cybertruck_description', 'cmake_prefix_path')
[0.595s] INFO:colcon.colcon_core.shell:Creating environment hook '/home/kemo/Sally_ws/install/cybertruck_description/share/cybertruck_description/hook/cmake_prefix_path.ps1'
[0.596s] INFO:colcon.colcon_core.shell:Creating environment descriptor '/home/kemo/Sally_ws/install/cybertruck_description/share/cybertruck_description/hook/cmake_prefix_path.dsv'
[0.596s] INFO:colcon.colcon_core.shell:Creating environment hook '/home/kemo/Sally_ws/install/cybertruck_description/share/cybertruck_description/hook/cmake_prefix_path.sh'
[0.596s] Level 1:colcon.colcon_core.environment:checking '/home/kemo/Sally_ws/install/cybertruck_description/lib'
[0.597s] Level 1:colcon.colcon_core.environment:checking '/home/kemo/Sally_ws/install/cybertruck_description/bin'
[0.597s] Level 1:colcon.colcon_core.environment:checking '/home/kemo/Sally_ws/install/cybertruck_description/lib/pkgconfig/cybertruck_description.pc'
[0.597s] Level 1:colcon.colcon_core.environment:checking '/home/kemo/Sally_ws/install/cybertruck_description/lib/python3.10/site-packages'
[0.597s] Level 1:colcon.colcon_core.environment:checking '/home/kemo/Sally_ws/install/cybertruck_description/bin'
[0.597s] INFO:colcon.colcon_core.shell:Creating package script '/home/kemo/Sally_ws/install/cybertruck_description/share/cybertruck_description/package.ps1'
[0.598s] INFO:colcon.colcon_core.shell:Creating package descriptor '/home/kemo/Sally_ws/install/cybertruck_description/share/cybertruck_description/package.dsv'
[0.598s] INFO:colcon.colcon_core.shell:Creating package script '/home/kemo/Sally_ws/install/cybertruck_description/share/cybertruck_description/package.sh'
[0.598s] INFO:colcon.colcon_core.shell:Creating package script '/home/kemo/Sally_ws/install/cybertruck_description/share/cybertruck_description/package.bash'
[0.599s] INFO:colcon.colcon_core.shell:Creating package script '/home/kemo/Sally_ws/install/cybertruck_description/share/cybertruck_description/package.zsh'
[0.599s] Level 1:colcon.colcon_core.environment:create_file_with_runtime_dependencies(/home/kemo/Sally_ws/install/cybertruck_description/share/colcon-core/packages/cybertruck_description)
[0.600s] Level 1:colcon.colcon_core.environment:create_environment_scripts_only(cybertruck_description)
[0.600s] Level 1:colcon.colcon_core.environment:checking '/home/kemo/Sally_ws/install/cybertruck_description' for CMake module files
[0.600s] Level 1:colcon.colcon_core.environment:checking '/home/kemo/Sally_ws/install/cybertruck_description' for CMake config files
[0.601s] Level 1:colcon.colcon_core.shell:create_environment_hook('cybertruck_description', 'cmake_prefix_path')
[0.601s] INFO:colcon.colcon_core.shell:Creating environment hook '/home/kemo/Sally_ws/install/cybertruck_description/share/cybertruck_description/hook/cmake_prefix_path.ps1'
[0.601s] INFO:colcon.colcon_core.shell:Creating environment descriptor '/home/kemo/Sally_ws/install/cybertruck_description/share/cybertruck_description/hook/cmake_prefix_path.dsv'
[0.601s] INFO:colcon.colcon_core.shell:Creating environment hook '/home/kemo/Sally_ws/install/cybertruck_description/share/cybertruck_description/hook/cmake_prefix_path.sh'
[0.602s] Level 1:colcon.colcon_core.environment:checking '/home/kemo/Sally_ws/install/cybertruck_description/lib'
[0.602s] Level 1:colcon.colcon_core.environment:checking '/home/kemo/Sally_ws/install/cybertruck_description/bin'
[0.602s] Level 1:colcon.colcon_core.environment:checking '/home/kemo/Sally_ws/install/cybertruck_description/lib/pkgconfig/cybertruck_description.pc'
[0.602s] Level 1:colcon.colcon_core.environment:checking '/home/kemo/Sally_ws/install/cybertruck_description/lib/python3.10/site-packages'
[0.602s] Level 1:colcon.colcon_core.environment:checking '/home/kemo/Sally_ws/install/cybertruck_description/bin'
[0.603s] INFO:colcon.colcon_core.shell:Creating package script '/home/kemo/Sally_ws/install/cybertruck_description/share/cybertruck_description/package.ps1'
[0.603s] INFO:colcon.colcon_core.shell:Creating package descriptor '/home/kemo/Sally_ws/install/cybertruck_description/share/cybertruck_description/package.dsv'
[0.603s] INFO:colcon.colcon_core.shell:Creating package script '/home/kemo/Sally_ws/install/cybertruck_description/share/cybertruck_description/package.sh'
[0.604s] INFO:colcon.colcon_core.shell:Creating package script '/home/kemo/Sally_ws/install/cybertruck_description/share/cybertruck_description/package.bash'
[0.604s] INFO:colcon.colcon_core.shell:Creating package script '/home/kemo/Sally_ws/install/cybertruck_description/share/cybertruck_description/package.zsh'
[0.604s] Level 1:colcon.colcon_core.environment:create_file_with_runtime_dependencies(/home/kemo/Sally_ws/install/cybertruck_description/share/colcon-core/packages/cybertruck_description)
[0.606s] Level 1:colcon.colcon_core.environment:create_environment_scripts_only(control_node)
[0.606s] Level 1:colcon.colcon_core.environment:checking '/home/kemo/Sally_ws/install/control_node' for CMake module files
[0.607s] DEBUG:colcon.colcon_core.event_handler.log_command:Invoked command in '/home/kemo/Sally_ws/build/control_node' returned '0': CMAKE_PREFIX_PATH=/home/kemo/ros_ws/install/my_robot_bringup:/home/kemo/ros_ws/install/my_cpp_pkg:/home/kemo/ros_ws/install/my_robot_interfaces:/home/kemo/ros_ws/install/my_py_pkg:/opt/ros/humble:/home/kemo/description/install/assem1 /usr/bin/cmake --install /home/kemo/Sally_ws/build/control_node
[0.609s] Level 1:colcon.colcon_core.environment:checking '/home/kemo/Sally_ws/install/control_node' for CMake config files
[0.609s] Level 1:colcon.colcon_core.shell:create_environment_hook('control_node', 'cmake_prefix_path')
[0.609s] INFO:colcon.colcon_core.shell:Creating environment hook '/home/kemo/Sally_ws/install/control_node/share/control_node/hook/cmake_prefix_path.ps1'
[0.610s] INFO:colcon.colcon_core.shell:Creating environment descriptor '/home/kemo/Sally_ws/install/control_node/share/control_node/hook/cmake_prefix_path.dsv'
[0.610s] INFO:colcon.colcon_core.shell:Creating environment hook '/home/kemo/Sally_ws/install/control_node/share/control_node/hook/cmake_prefix_path.sh'
[0.610s] Level 1:colcon.colcon_core.environment:checking '/home/kemo/Sally_ws/install/control_node/lib'
[0.610s] Level 1:colcon.colcon_core.environment:checking '/home/kemo/Sally_ws/install/control_node/bin'
[0.610s] Level 1:colcon.colcon_core.environment:checking '/home/kemo/Sally_ws/install/control_node/lib/pkgconfig/control_node.pc'
[0.611s] Level 1:colcon.colcon_core.environment:checking '/home/kemo/Sally_ws/install/control_node/lib/python3.10/site-packages'
[0.611s] Level 1:colcon.colcon_core.environment:checking '/home/kemo/Sally_ws/install/control_node/bin'
[0.611s] INFO:colcon.colcon_core.shell:Creating package script '/home/kemo/Sally_ws/install/control_node/share/control_node/package.ps1'
[0.611s] INFO:colcon.colcon_core.shell:Creating package descriptor '/home/kemo/Sally_ws/install/control_node/share/control_node/package.dsv'
[0.612s] INFO:colcon.colcon_core.shell:Creating package script '/home/kemo/Sally_ws/install/control_node/share/control_node/package.sh'
[0.612s] INFO:colcon.colcon_core.shell:Creating package script '/home/kemo/Sally_ws/install/control_node/share/control_node/package.bash'
[0.612s] INFO:colcon.colcon_core.shell:Creating package script '/home/kemo/Sally_ws/install/control_node/share/control_node/package.zsh'
[0.612s] Level 1:colcon.colcon_core.environment:create_file_with_runtime_dependencies(/home/kemo/Sally_ws/install/control_node/share/colcon-core/packages/control_node)
[0.613s] Level 1:colcon.colcon_core.environment:create_environment_scripts_only(control_node)
[0.613s] Level 1:colcon.colcon_core.environment:checking '/home/kemo/Sally_ws/install/control_node' for CMake module files
[0.613s] Level 1:colcon.colcon_core.environment:checking '/home/kemo/Sally_ws/install/control_node' for CMake config files
[0.613s] Level 1:colcon.colcon_core.shell:create_environment_hook('control_node', 'cmake_prefix_path')
[0.614s] INFO:colcon.colcon_core.shell:Creating environment hook '/home/kemo/Sally_ws/install/control_node/share/control_node/hook/cmake_prefix_path.ps1'
[0.614s] INFO:colcon.colcon_core.shell:Creating environment descriptor '/home/kemo/Sally_ws/install/control_node/share/control_node/hook/cmake_prefix_path.dsv'
[0.614s] INFO:colcon.colcon_core.shell:Creating environment hook '/home/kemo/Sally_ws/install/control_node/share/control_node/hook/cmake_prefix_path.sh'
[0.614s] Level 1:colcon.colcon_core.environment:checking '/home/kemo/Sally_ws/install/control_node/lib'
[0.614s] Level 1:colcon.colcon_core.environment:checking '/home/kemo/Sally_ws/install/control_node/bin'
[0.615s] Level 1:colcon.colcon_core.environment:checking '/home/kemo/Sally_ws/install/control_node/lib/pkgconfig/control_node.pc'
[0.615s] Level 1:colcon.colcon_core.environment:checking '/home/kemo/Sally_ws/install/control_node/lib/python3.10/site-packages'
[0.615s] Level 1:colcon.colcon_core.environment:checking '/home/kemo/Sally_ws/install/control_node/bin'
[0.615s] INFO:colcon.colcon_core.shell:Creating package script '/home/kemo/Sally_ws/install/control_node/share/control_node/package.ps1'
[0.615s] INFO:colcon.colcon_core.shell:Creating package descriptor '/home/kemo/Sally_ws/install/control_node/share/control_node/package.dsv'
[0.616s] INFO:colcon.colcon_core.shell:Creating package script '/home/kemo/Sally_ws/install/control_node/share/control_node/package.sh'
[0.616s] INFO:colcon.colcon_core.shell:Creating package script '/home/kemo/Sally_ws/install/control_node/share/control_node/package.bash'
[0.616s] INFO:colcon.colcon_core.shell:Creating package script '/home/kemo/Sally_ws/install/control_node/share/control_node/package.zsh'
[0.617s] Level 1:colcon.colcon_core.environment:create_file_with_runtime_dependencies(/home/kemo/Sally_ws/install/control_node/share/colcon-core/packages/control_node)
[0.618s] DEBUG:colcon.colcon_core.event_handler.log_command:Invoked command in '/home/kemo/Sally_ws/build/robot_localization' returned '0': CMAKE_PREFIX_PATH=/home/kemo/ros_ws/install/my_robot_bringup:/home/kemo/ros_ws/install/my_cpp_pkg:/home/kemo/ros_ws/install/my_robot_interfaces:/home/kemo/ros_ws/install/my_py_pkg:/opt/ros/humble:/home/kemo/description/install/assem1 /usr/bin/cmake --build /home/kemo/Sally_ws/build/robot_localization -- -j16 -l16
[0.619s] Level 1:colcon.colcon_core.environment:create_environment_scripts_only(my_sensor_pkg)
[0.619s] Level 1:colcon.colcon_core.environment:checking '/home/kemo/Sally_ws/install/my_sensor_pkg' for CMake module files
[0.619s] DEBUG:colcon.colcon_core.event_handler.log_command:Invoking command in '/home/kemo/Sally_ws/build/robot_localization': CMAKE_PREFIX_PATH=/home/kemo/ros_ws/install/my_robot_bringup:/home/kemo/ros_ws/install/my_cpp_pkg:/home/kemo/ros_ws/install/my_robot_interfaces:/home/kemo/ros_ws/install/my_py_pkg:/opt/ros/humble:/home/kemo/description/install/assem1 /usr/bin/cmake --install /home/kemo/Sally_ws/build/robot_localization
[0.619s] DEBUG:colcon.colcon_core.event_handler.log_command:Invoked command in '/home/kemo/Sally_ws/build/my_sensor_pkg' returned '0': CMAKE_PREFIX_PATH=/home/kemo/ros_ws/install/my_robot_bringup:/home/kemo/ros_ws/install/my_cpp_pkg:/home/kemo/ros_ws/install/my_robot_interfaces:/home/kemo/ros_ws/install/my_py_pkg:/opt/ros/humble:/home/kemo/description/install/assem1 /usr/bin/cmake --install /home/kemo/Sally_ws/build/my_sensor_pkg
[0.620s] Level 1:colcon.colcon_core.environment:checking '/home/kemo/Sally_ws/install/my_sensor_pkg' for CMake config files
[0.620s] Level 1:colcon.colcon_core.shell:create_environment_hook('my_sensor_pkg', 'cmake_prefix_path')
[0.620s] INFO:colcon.colcon_core.shell:Creating environment hook '/home/kemo/Sally_ws/install/my_sensor_pkg/share/my_sensor_pkg/hook/cmake_prefix_path.ps1'
[0.621s] INFO:colcon.colcon_core.shell:Creating environment descriptor '/home/kemo/Sally_ws/install/my_sensor_pkg/share/my_sensor_pkg/hook/cmake_prefix_path.dsv'
[0.621s] INFO:colcon.colcon_core.shell:Creating environment hook '/home/kemo/Sally_ws/install/my_sensor_pkg/share/my_sensor_pkg/hook/cmake_prefix_path.sh'
[0.621s] Level 1:colcon.colcon_core.environment:checking '/home/kemo/Sally_ws/install/my_sensor_pkg/lib'
[0.621s] Level 1:colcon.colcon_core.environment:checking '/home/kemo/Sally_ws/install/my_sensor_pkg/bin'
[0.621s] Level 1:colcon.colcon_core.environment:checking '/home/kemo/Sally_ws/install/my_sensor_pkg/lib/pkgconfig/my_sensor_pkg.pc'
[0.622s] Level 1:colcon.colcon_core.environment:checking '/home/kemo/Sally_ws/install/my_sensor_pkg/lib/python3.10/site-packages'
[0.622s] Level 1:colcon.colcon_core.environment:checking '/home/kemo/Sally_ws/install/my_sensor_pkg/bin'
[0.622s] INFO:colcon.colcon_core.shell:Creating package script '/home/kemo/Sally_ws/install/my_sensor_pkg/share/my_sensor_pkg/package.ps1'
[0.622s] INFO:colcon.colcon_core.shell:Creating package descriptor '/home/kemo/Sally_ws/install/my_sensor_pkg/share/my_sensor_pkg/package.dsv'
[0.623s] INFO:colcon.colcon_core.shell:Creating package script '/home/kemo/Sally_ws/install/my_sensor_pkg/share/my_sensor_pkg/package.sh'
[0.623s] INFO:colcon.colcon_core.shell:Creating package script '/home/kemo/Sally_ws/install/my_sensor_pkg/share/my_sensor_pkg/package.bash'
[0.623s] INFO:colcon.colcon_core.shell:Creating package script '/home/kemo/Sally_ws/install/my_sensor_pkg/share/my_sensor_pkg/package.zsh'
[0.623s] Level 1:colcon.colcon_core.environment:create_file_with_runtime_dependencies(/home/kemo/Sally_ws/install/my_sensor_pkg/share/colcon-core/packages/my_sensor_pkg)
[0.624s] Level 1:colcon.colcon_core.environment:create_environment_scripts_only(my_sensor_pkg)
[0.624s] Level 1:colcon.colcon_core.environment:checking '/home/kemo/Sally_ws/install/my_sensor_pkg' for CMake module files
[0.624s] Level 1:colcon.colcon_core.environment:checking '/home/kemo/Sally_ws/install/my_sensor_pkg' for CMake config files
[0.624s] Level 1:colcon.colcon_core.shell:create_environment_hook('my_sensor_pkg', 'cmake_prefix_path')
[0.625s] INFO:colcon.colcon_core.shell:Creating environment hook '/home/kemo/Sally_ws/install/my_sensor_pkg/share/my_sensor_pkg/hook/cmake_prefix_path.ps1'
[0.625s] INFO:colcon.colcon_core.shell:Creating environment descriptor '/home/kemo/Sally_ws/install/my_sensor_pkg/share/my_sensor_pkg/hook/cmake_prefix_path.dsv'
[0.625s] INFO:colcon.colcon_core.shell:Creating environment hook '/home/kemo/Sally_ws/install/my_sensor_pkg/share/my_sensor_pkg/hook/cmake_prefix_path.sh'
[0.625s] Level 1:colcon.colcon_core.environment:checking '/home/kemo/Sally_ws/install/my_sensor_pkg/lib'
[0.625s] Level 1:colcon.colcon_core.environment:checking '/home/kemo/Sally_ws/install/my_sensor_pkg/bin'
[0.626s] Level 1:colcon.colcon_core.environment:checking '/home/kemo/Sally_ws/install/my_sensor_pkg/lib/pkgconfig/my_sensor_pkg.pc'
[0.626s] Level 1:colcon.colcon_core.environment:checking '/home/kemo/Sally_ws/install/my_sensor_pkg/lib/python3.10/site-packages'
[0.626s] Level 1:colcon.colcon_core.environment:checking '/home/kemo/Sally_ws/install/my_sensor_pkg/bin'
[0.626s] INFO:colcon.colcon_core.shell:Creating package script '/home/kemo/Sally_ws/install/my_sensor_pkg/share/my_sensor_pkg/package.ps1'
[0.626s] INFO:colcon.colcon_core.shell:Creating package descriptor '/home/kemo/Sally_ws/install/my_sensor_pkg/share/my_sensor_pkg/package.dsv'
[0.627s] INFO:colcon.colcon_core.shell:Creating package script '/home/kemo/Sally_ws/install/my_sensor_pkg/share/my_sensor_pkg/package.sh'
[0.627s] INFO:colcon.colcon_core.shell:Creating package script '/home/kemo/Sally_ws/install/my_sensor_pkg/share/my_sensor_pkg/package.bash'
[0.627s] INFO:colcon.colcon_core.shell:Creating package script '/home/kemo/Sally_ws/install/my_sensor_pkg/share/my_sensor_pkg/package.zsh'
[0.628s] Level 1:colcon.colcon_core.environment:create_file_with_runtime_dependencies(/home/kemo/Sally_ws/install/my_sensor_pkg/share/colcon-core/packages/my_sensor_pkg)
[0.629s] Level 1:colcon.colcon_core.environment:create_environment_scripts_only(robot_localization)
[0.629s] Level 1:colcon.colcon_core.environment:checking '/home/kemo/Sally_ws/install/robot_localization' for CMake module files
[0.631s] DEBUG:colcon.colcon_core.event_handler.log_command:Invoked command in '/home/kemo/Sally_ws/build/robot_localization' returned '0': CMAKE_PREFIX_PATH=/home/kemo/ros_ws/install/my_robot_bringup:/home/kemo/ros_ws/install/my_cpp_pkg:/home/kemo/ros_ws/install/my_robot_interfaces:/home/kemo/ros_ws/install/my_py_pkg:/opt/ros/humble:/home/kemo/description/install/assem1 /usr/bin/cmake --install /home/kemo/Sally_ws/build/robot_localization
[0.631s] Level 1:colcon.colcon_core.environment:checking '/home/kemo/Sally_ws/install/robot_localization' for CMake config files
[0.632s] Level 1:colcon.colcon_core.shell:create_environment_hook('robot_localization', 'cmake_prefix_path')
[0.632s] INFO:colcon.colcon_core.shell:Creating environment hook '/home/kemo/Sally_ws/install/robot_localization/share/robot_localization/hook/cmake_prefix_path.ps1'
[0.632s] INFO:colcon.colcon_core.shell:Creating environment descriptor '/home/kemo/Sally_ws/install/robot_localization/share/robot_localization/hook/cmake_prefix_path.dsv'
[0.632s] INFO:colcon.colcon_core.shell:Creating environment hook '/home/kemo/Sally_ws/install/robot_localization/share/robot_localization/hook/cmake_prefix_path.sh'
[0.633s] Level 1:colcon.colcon_core.environment:checking '/home/kemo/Sally_ws/install/robot_localization/lib'
[0.633s] Level 1:colcon.colcon_core.environment:checking '/home/kemo/Sally_ws/install/robot_localization/bin'
[0.633s] Level 1:colcon.colcon_core.environment:checking '/home/kemo/Sally_ws/install/robot_localization/lib/pkgconfig/robot_localization.pc'
[0.633s] Level 1:colcon.colcon_core.environment:checking '/home/kemo/Sally_ws/install/robot_localization/lib/python3.10/site-packages'
[0.633s] Level 1:colcon.colcon_core.environment:checking '/home/kemo/Sally_ws/install/robot_localization/bin'
[0.633s] INFO:colcon.colcon_core.shell:Creating package script '/home/kemo/Sally_ws/install/robot_localization/share/robot_localization/package.ps1'
[0.634s] INFO:colcon.colcon_core.shell:Creating package descriptor '/home/kemo/Sally_ws/install/robot_localization/share/robot_localization/package.dsv'
[0.634s] INFO:colcon.colcon_core.shell:Creating package script '/home/kemo/Sally_ws/install/robot_localization/share/robot_localization/package.sh'
[0.634s] INFO:colcon.colcon_core.shell:Creating package script '/home/kemo/Sally_ws/install/robot_localization/share/robot_localization/package.bash'
[0.634s] INFO:colcon.colcon_core.shell:Creating package script '/home/kemo/Sally_ws/install/robot_localization/share/robot_localization/package.zsh'
[0.635s] Level 1:colcon.colcon_core.environment:create_file_with_runtime_dependencies(/home/kemo/Sally_ws/install/robot_localization/share/colcon-core/packages/robot_localization)
[0.635s] Level 1:colcon.colcon_core.environment:create_environment_scripts_only(robot_localization)
[0.635s] Level 1:colcon.colcon_core.environment:checking '/home/kemo/Sally_ws/install/robot_localization' for CMake module files
[0.635s] Level 1:colcon.colcon_core.environment:checking '/home/kemo/Sally_ws/install/robot_localization' for CMake config files
[0.636s] Level 1:colcon.colcon_core.shell:create_environment_hook('robot_localization', 'cmake_prefix_path')
[0.636s] INFO:colcon.colcon_core.shell:Creating environment hook '/home/kemo/Sally_ws/install/robot_localization/share/robot_localization/hook/cmake_prefix_path.ps1'
[0.636s] INFO:colcon.colcon_core.shell:Creating environment descriptor '/home/kemo/Sally_ws/install/robot_localization/share/robot_localization/hook/cmake_prefix_path.dsv'
[0.636s] INFO:colcon.colcon_core.shell:Creating environment hook '/home/kemo/Sally_ws/install/robot_localization/share/robot_localization/hook/cmake_prefix_path.sh'
[0.637s] Level 1:colcon.colcon_core.environment:checking '/home/kemo/Sally_ws/install/robot_localization/lib'
[0.637s] Level 1:colcon.colcon_core.environment:checking '/home/kemo/Sally_ws/install/robot_localization/bin'
[0.637s] Level 1:colcon.colcon_core.environment:checking '/home/kemo/Sally_ws/install/robot_localization/lib/pkgconfig/robot_localization.pc'
[0.637s] Level 1:colcon.colcon_core.environment:checking '/home/kemo/Sally_ws/install/robot_localization/lib/python3.10/site-packages'
[0.637s] Level 1:colcon.colcon_core.environment:checking '/home/kemo/Sally_ws/install/robot_localization/bin'
[0.637s] INFO:colcon.colcon_core.shell:Creating package script '/home/kemo/Sally_ws/install/robot_localization/share/robot_localization/package.ps1'
[0.638s] INFO:colcon.colcon_core.shell:Creating package descriptor '/home/kemo/Sally_ws/install/robot_localization/share/robot_localization/package.dsv'
[0.638s] INFO:colcon.colcon_core.shell:Creating package script '/home/kemo/Sally_ws/install/robot_localization/share/robot_localization/package.sh'
[0.639s] INFO:colcon.colcon_core.shell:Creating package script '/home/kemo/Sally_ws/install/robot_localization/share/robot_localization/package.bash'
[0.639s] INFO:colcon.colcon_core.shell:Creating package script '/home/kemo/Sally_ws/install/robot_localization/share/robot_localization/package.zsh'
[0.639s] Level 1:colcon.colcon_core.environment:create_file_with_runtime_dependencies(/home/kemo/Sally_ws/install/robot_localization/share/colcon-core/packages/robot_localization)
[0.639s] DEBUG:colcon.colcon_parallel_executor.executor.parallel:closing loop
[0.640s] DEBUG:colcon.colcon_parallel_executor.executor.parallel:loop closed
[0.640s] DEBUG:colcon.colcon_parallel_executor.executor.parallel:run_until_complete finished with '0'
[0.640s] DEBUG:colcon.colcon_core.event_reactor:joining thread
[0.643s] INFO:colcon.colcon_core.plugin_system:Skipping extension 'colcon_notification.desktop_notification.terminal_notifier': Not used on non-Darwin systems
[0.644s] INFO:colcon.colcon_core.plugin_system:Skipping extension 'colcon_notification.desktop_notification.win32': Not used on non-Windows systems
[0.644s] INFO:colcon.colcon_notification.desktop_notification:Sending desktop notification using 'notify2'
[0.653s] DEBUG:colcon.colcon_core.event_reactor:joined thread
[0.653s] INFO:colcon.colcon_core.shell:Creating prefix script '/home/kemo/Sally_ws/install/local_setup.ps1'
[0.654s] INFO:colcon.colcon_core.shell:Creating prefix util module '/home/kemo/Sally_ws/install/_local_setup_util_ps1.py'
[0.655s] INFO:colcon.colcon_core.shell:Creating prefix chain script '/home/kemo/Sally_ws/install/setup.ps1'
[0.656s] INFO:colcon.colcon_core.shell:Creating prefix script '/home/kemo/Sally_ws/install/local_setup.sh'
[0.656s] INFO:colcon.colcon_core.shell:Creating prefix util module '/home/kemo/Sally_ws/install/_local_setup_util_sh.py'
[0.657s] INFO:colcon.colcon_core.shell:Creating prefix chain script '/home/kemo/Sally_ws/install/setup.sh'
[0.658s] INFO:colcon.colcon_core.shell:Creating prefix script '/home/kemo/Sally_ws/install/local_setup.bash'
[0.658s] INFO:colcon.colcon_core.shell:Creating prefix chain script '/home/kemo/Sally_ws/install/setup.bash'
[0.659s] INFO:colcon.colcon_core.shell:Creating prefix script '/home/kemo/Sally_ws/install/local_setup.zsh'
[0.659s] INFO:colcon.colcon_core.shell:Creating prefix chain script '/home/kemo/Sally_ws/install/setup.zsh'
