[0.016s] Invoking command in '/home/kemo/Sally_ws/build/my_sensor_pkg': CMAKE_PREFIX_PATH=/home/kemo/ros_ws/install/my_robot_bringup:/home/kemo/ros_ws/install/my_cpp_pkg:/home/kemo/ros_ws/install/my_robot_interfaces:/home/kemo/ros_ws/install/my_py_pkg:/opt/ros/humble:/home/kemo/description/install/assem1 /usr/bin/cmake --build /home/kemo/Sally_ws/build/my_sensor_pkg -- -j16 -l16
[0.049s] [35m[1mConsolidate compiler generated dependencies of target imu_encoder_node[0m
[0.069s] [100%] Built target imu_encoder_node
[0.084s] Invoked command in '/home/kemo/Sally_ws/build/my_sensor_pkg' returned '0': CMAKE_PREFIX_PATH=/home/kemo/ros_ws/install/my_robot_bringup:/home/kemo/ros_ws/install/my_cpp_pkg:/home/kemo/ros_ws/install/my_robot_interfaces:/home/kemo/ros_ws/install/my_py_pkg:/opt/ros/humble:/home/kemo/description/install/assem1 /usr/bin/cmake --build /home/kemo/Sally_ws/build/my_sensor_pkg -- -j16 -l16
[0.086s] Invoking command in '/home/kemo/Sally_ws/build/my_sensor_pkg': CMAKE_PREFIX_PATH=/home/kemo/ros_ws/install/my_robot_bringup:/home/kemo/ros_ws/install/my_cpp_pkg:/home/kemo/ros_ws/install/my_robot_interfaces:/home/kemo/ros_ws/install/my_py_pkg:/opt/ros/humble:/home/kemo/description/install/assem1 /usr/bin/cmake --install /home/kemo/Sally_ws/build/my_sensor_pkg
[0.092s] -- Install configuration: ""
[0.092s] -- Installing: /home/kemo/Sally_ws/install/my_sensor_pkg/lib/my_sensor_pkg/imu_encoder_node
[0.093s] -- Set runtime path of "/home/kemo/Sally_ws/install/my_sensor_pkg/lib/my_sensor_pkg/imu_encoder_node" to ""
[0.093s] -- Installing: /home/kemo/Sally_ws/install/my_sensor_pkg/share/ament_index/resource_index/package_run_dependencies/my_sensor_pkg
[0.094s] -- Installing: /home/kemo/Sally_ws/install/my_sensor_pkg/share/ament_index/resource_index/parent_prefix_path/my_sensor_pkg
[0.094s] -- Installing: /home/kemo/Sally_ws/install/my_sensor_pkg/share/my_sensor_pkg/environment/ament_prefix_path.sh
[0.094s] -- Installing: /home/kemo/Sally_ws/install/my_sensor_pkg/share/my_sensor_pkg/environment/ament_prefix_path.dsv
[0.094s] -- Installing: /home/kemo/Sally_ws/install/my_sensor_pkg/share/my_sensor_pkg/environment/path.sh
[0.094s] -- Installing: /home/kemo/Sally_ws/install/my_sensor_pkg/share/my_sensor_pkg/environment/path.dsv
[0.094s] -- Installing: /home/kemo/Sally_ws/install/my_sensor_pkg/share/my_sensor_pkg/local_setup.bash
[0.094s] -- Installing: /home/kemo/Sally_ws/install/my_sensor_pkg/share/my_sensor_pkg/local_setup.sh
[0.095s] -- Installing: /home/kemo/Sally_ws/install/my_sensor_pkg/share/my_sensor_pkg/local_setup.zsh
[0.095s] -- Installing: /home/kemo/Sally_ws/install/my_sensor_pkg/share/my_sensor_pkg/local_setup.dsv
[0.095s] -- Installing: /home/kemo/Sally_ws/install/my_sensor_pkg/share/my_sensor_pkg/package.dsv
[0.095s] -- Installing: /home/kemo/Sally_ws/install/my_sensor_pkg/share/ament_index/resource_index/packages/my_sensor_pkg
[0.095s] -- Installing: /home/kemo/Sally_ws/install/my_sensor_pkg/share/my_sensor_pkg/cmake/my_sensor_pkgConfig.cmake
[0.095s] -- Installing: /home/kemo/Sally_ws/install/my_sensor_pkg/share/my_sensor_pkg/cmake/my_sensor_pkgConfig-version.cmake
[0.095s] -- Installing: /home/kemo/Sally_ws/install/my_sensor_pkg/share/my_sensor_pkg/package.xml
[0.098s] Invoked command in '/home/kemo/Sally_ws/build/my_sensor_pkg' returned '0': CMAKE_PREFIX_PATH=/home/kemo/ros_ws/install/my_robot_bringup:/home/kemo/ros_ws/install/my_cpp_pkg:/home/kemo/ros_ws/install/my_robot_interfaces:/home/kemo/ros_ws/install/my_py_pkg:/opt/ros/humble:/home/kemo/description/install/assem1 /usr/bin/cmake --install /home/kemo/Sally_ws/build/my_sensor_pkg
