[0.013s] Invoking command in '/home/kemo/Sally_ws/build/my_sensor_pkg': CMAKE_PREFIX_PATH=/home/kemo/ros_ws/install/my_robot_bringup:/home/kemo/ros_ws/install/my_cpp_pkg:/home/kemo/ros_ws/install/my_robot_interfaces:/home/kemo/ros_ws/install/my_py_pkg:/opt/ros/humble:/home/kemo/description/install/assem1 /usr/bin/cmake /home/kemo/Sally_ws/src/my_sensor_pkg -DCMAKE_INSTALL_PREFIX=/home/kemo/Sally_ws/install/my_sensor_pkg
[0.069s] -- The C compiler identification is GNU 11.4.0
[0.118s] -- The CXX compiler identification is GNU 11.4.0
[0.126s] -- Detecting C compiler ABI info
[0.188s] -- Detecting C compiler ABI info - done
[0.192s] -- Check for working C compiler: /usr/bin/cc - skipped
[0.193s] -- Detecting C compile features
[0.193s] -- Detecting C compile features - done
[0.196s] -- Detecting CXX compiler ABI info
[0.266s] -- Detecting CXX compiler ABI info - done
[0.271s] -- Check for working CXX compiler: /usr/bin/c++ - skipped
[0.271s] -- Detecting CXX compile features
[0.272s] -- Detecting CXX compile features - done
[0.283s] -- Found ament_cmake: 1.3.11 (/opt/ros/humble/share/ament_cmake/cmake)
[0.410s] -- Found Python3: /usr/bin/python3 (found version "3.10.12") found components: Interpreter 
[0.508s] -- Found rclcpp: 16.0.12 (/opt/ros/humble/share/rclcpp/cmake)
[0.566s] -- Found rosidl_generator_c: 3.1.6 (/opt/ros/humble/share/rosidl_generator_c/cmake)
[0.573s] -- Found rosidl_adapter: 3.1.6 (/opt/ros/humble/share/rosidl_adapter/cmake)
[0.584s] -- Found rosidl_generator_cpp: 3.1.6 (/opt/ros/humble/share/rosidl_generator_cpp/cmake)
[0.598s] -- Using all available rosidl_typesupport_c: rosidl_typesupport_fastrtps_c;rosidl_typesupport_introspection_c
[0.617s] -- Using all available rosidl_typesupport_cpp: rosidl_typesupport_fastrtps_cpp;rosidl_typesupport_introspection_cpp
[0.669s] -- Found rmw_implementation_cmake: 6.1.2 (/opt/ros/humble/share/rmw_implementation_cmake/cmake)
[0.672s] -- Found rmw_cyclonedds_cpp: 1.3.4 (/opt/ros/humble/share/rmw_cyclonedds_cpp/cmake)
[0.700s] -- Using RMW implementation 'rmw_cyclonedds_cpp' as default
[0.712s] -- Looking for pthread.h
[0.781s] -- Looking for pthread.h - found
[0.781s] -- Performing Test CMAKE_HAVE_LIBC_PTHREAD
[0.848s] -- Performing Test CMAKE_HAVE_LIBC_PTHREAD - Success
[0.848s] -- Found Threads: TRUE  
[0.902s] -- Found sensor_msgs: 4.8.0 (/opt/ros/humble/share/sensor_msgs/cmake)
[0.931s] -- Found nav_msgs: 4.8.0 (/opt/ros/humble/share/nav_msgs/cmake)
[0.946s] -- Found ament_lint_auto: 0.12.12 (/opt/ros/humble/share/ament_lint_auto/cmake)
[1.017s] -- Added test 'cppcheck' to perform static code analysis on C / C++ code
[1.018s] -- Configured cppcheck include dirs: 
[1.018s] -- Configured cppcheck exclude dirs and/or files: 
[1.018s] -- Added test 'lint_cmake' to check CMake code style
[1.018s] -- Added test 'uncrustify' to check C / C++ code style
[1.018s] -- Configured uncrustify additional arguments: 
[1.019s] -- Added test 'xmllint' to check XML markup files
[1.020s] -- Configuring done
[1.029s] -- Generating done
[1.032s] -- Build files have been written to: /home/kemo/Sally_ws/build/my_sensor_pkg
[1.045s] Invoked command in '/home/kemo/Sally_ws/build/my_sensor_pkg' returned '0': CMAKE_PREFIX_PATH=/home/kemo/ros_ws/install/my_robot_bringup:/home/kemo/ros_ws/install/my_cpp_pkg:/home/kemo/ros_ws/install/my_robot_interfaces:/home/kemo/ros_ws/install/my_py_pkg:/opt/ros/humble:/home/kemo/description/install/assem1 /usr/bin/cmake /home/kemo/Sally_ws/src/my_sensor_pkg -DCMAKE_INSTALL_PREFIX=/home/kemo/Sally_ws/install/my_sensor_pkg
[1.046s] Invoking command in '/home/kemo/Sally_ws/build/my_sensor_pkg': CMAKE_PREFIX_PATH=/home/kemo/ros_ws/install/my_robot_bringup:/home/kemo/ros_ws/install/my_cpp_pkg:/home/kemo/ros_ws/install/my_robot_interfaces:/home/kemo/ros_ws/install/my_py_pkg:/opt/ros/humble:/home/kemo/description/install/assem1 /usr/bin/cmake --build /home/kemo/Sally_ws/build/my_sensor_pkg -- -j16 -l16
[1.091s] [ 50%] [32mBuilding CXX object CMakeFiles/imu_encoder_node.dir/src/imu_encoder_node.cpp.o[0m
[4.491s] [100%] [32m[1mLinking CXX executable imu_encoder_node[0m
[4.660s] [100%] Built target imu_encoder_node
